Component: ARM Compiler 5.06 update 3 (build 300) Tool: armlink [4d35c9]

==============================================================================

Section Cross References

    main.o(.text) refers to oled.o(.text) for OLED_Print
    main.o(.text) refers to zw_user.o(.text) for press_FR
    main.o(.text) refers to delay.o(.text) for delay_ms
    main.o(.text) refers to key.o(.text) for KEY_Scanf
    main.o(.text) refers to printf5.o(i.__0printf$5) for __2printf
    main.o(.text) refers to servo.o(.text) for Servo_SetAngle
    main.o(.text) refers to misc.o(.text) for NVIC_PriorityGroupConfig
    main.o(.text) refers to system_stm32f10x.o(.text) for SystemInit
    main.o(.text) refers to usart.o(.text) for Uart_Init
    main.o(.text) refers to usart3.o(.text) for usart3_init
    main.o(.text) refers to count.o(.text) for zndguang
    main.o(.text) refers to wkup.o(.text) for WKUP_Init
    main.o(.text) refers to led.o(.text) for LED_Init
    main.o(.text) refers to as608.o(.text) for PS_ValidTempleteNum
    main.o(.text) refers to main.o(.data) for key_get
    main.o(.text) refers to timer_1.o(.text) for TIM3_Int_Init
    system_stm32f10x.o(.text) refers to system_stm32f10x.o(.data) for SystemCoreClock
    led.o(.text) refers to stm32f10x_rcc.o(.text) for RCC_APB2PeriphClockCmd
    led.o(.text) refers to stm32f10x_gpio.o(.text) for GPIO_Init
    key.o(.text) refers to stm32f10x_rcc.o(.text) for RCC_APB2PeriphClockCmd
    key.o(.text) refers to stm32f10x_gpio.o(.text) for GPIO_Init
    key.o(.text) refers to delay.o(.text) for delay_ms
    as608.o(.text) refers to delay.o(.text) for delay_ms
    as608.o(.text) refers to strstr.o(.text) for strstr
    as608.o(.text) refers to as608.o(.data) for AS608Addr
    as608.o(.text) refers to usart3.o(.data) for USART3_RX_STA
    as608.o(.text) refers to usart3.o(.bss) for USART3_RX_BUF
    as608.o(.text) refers to printf5.o(i.__0printf$5) for __2printf
    wkup.o(.text) refers to stm32f10x_rcc.o(.text) for RCC_APB1PeriphClockCmd
    wkup.o(.text) refers to stm32f10x_pwr.o(.text) for PWR_WakeUpPinCmd
    wkup.o(.text) refers to stm32f10x_exti.o(.text) for EXTI_ClearITPendingBit
    wkup.o(.text) refers to delay.o(.text) for delay_ms
    wkup.o(.text) refers to oled.o(.text) for OLED_Display_Off
    wkup.o(.text) refers to stm32f10x_gpio.o(.text) for GPIO_Init
    wkup.o(.text) refers to misc.o(.text) for NVIC_Init
    zw_user.o(.text) refers to stm32f10x_rcc.o(.text) for RCC_APB2PeriphClockCmd
    zw_user.o(.text) refers to stm32f10x_gpio.o(.text) for GPIO_Init
    zw_user.o(.text) refers to printf5.o(i.__0printf$5) for __2printf
    zw_user.o(.text) refers to oled.o(.text) for OLED_Print
    zw_user.o(.text) refers to as608.o(.text) for PS_GetImage
    zw_user.o(.text) refers to delay.o(.text) for delay_ms
    zw_user.o(.text) refers to key.o(.text) for KEY_Scanf
    zw_user.o(.text) refers to printf5.o(i.__0sprintf$5) for __2sprintf
    zw_user.o(.text) refers to main.o(.data) for key_get
    zw_user.o(.text) refers to zw_user.o(.data) for j
    oled.o(.text) refers to stm32f10x_gpio.o(.text) for GPIO_SetBits
    oled.o(.text) refers to oled.o(.constdata) for F8X16
    oled.o(.text) refers to strlen.o(.text) for strlen
    oled.o(.text) refers to stm32f10x_rcc.o(.text) for RCC_APB2PeriphClockCmd
    oled.o(.text) refers to delay.o(.text) for delay_ms
    oled.o(.text) refers to oled.o(.data) for Hzk
    count.o(.text) refers to stm32f10x_rcc.o(.text) for RCC_APB2PeriphClockCmd
    count.o(.text) refers to stm32f10x_gpio.o(.text) for GPIO_Init
    pwm.o(.text) refers to stm32f10x_rcc.o(.text) for RCC_APB1PeriphClockCmd
    pwm.o(.text) refers to stm32f10x_gpio.o(.text) for GPIO_Init
    pwm.o(.text) refers to stm32f10x_tim.o(.text) for TIM_InternalClockConfig
    servo.o(.text) refers to pwm.o(.text) for PWM_Init
    servo.o(.text) refers to fdiv.o(.text) for __aeabi_fdiv
    servo.o(.text) refers to fmul.o(.text) for __aeabi_fmul
    servo.o(.text) refers to fadd.o(.text) for __aeabi_fadd
    servo.o(.text) refers to ffixui.o(.text) for __aeabi_f2uiz
    delay.o(.text) refers to misc.o(.text) for SysTick_CLKSourceConfig
    delay.o(.text) refers to system_stm32f10x.o(.data) for SystemCoreClock
    delay.o(.text) refers to delay.o(.data) for fac_us
    delay.o(.text) refers to delay.o(.bss) for g_time2
    usart.o(.text) refers to stm32f10x_rcc.o(.text) for RCC_APB2PeriphClockCmd
    usart.o(.text) refers to stm32f10x_gpio.o(.text) for GPIO_Init
    usart.o(.text) refers to misc.o(.text) for NVIC_Init
    usart.o(.text) refers to stm32f10x_usart.o(.text) for USART_Init
    usart.o(.text) refers to usart.o(.data) for res
    wdg.o(.text) refers to stm32f10x_iwdg.o(.text) for IWDG_WriteAccessCmd
    timer_1.o(.text) refers to stm32f10x_rcc.o(.text) for RCC_APB1PeriphClockCmd
    timer_1.o(.text) refers to stm32f10x_tim.o(.text) for TIM_TimeBaseInit
    timer_1.o(.text) refers to misc.o(.text) for NVIC_Init
[...]
    printf3.o(i.__0printf$3) refers to usart.o(.text) for fputc
    printf3.o(i.__0printf$3) refers to usart.o(.data) for __stdout
    printf3.o(i.__0snprintf$3) refers to printf3.o(i._printf_core) for _printf_core
    printf3.o(i.__0snprintf$3) refers to printf3.o(i._snputc) for _snputc
    printf3.o(i.__0sprintf$3) refers to printf3.o(i._printf_core) for _printf_core
    printf3.o(i.__0sprintf$3) refers to printf3.o(i._sputc) for _sputc
    printf3.o(i.__0vfprintf$3) refers to printf3.o(i._printf_core) for _printf_core
    printf3.o(i.__0vfprintf$3) refers to usart.o(.text) for fputc
    printf3.o(i.__0vprintf$3) refers to printf3.o(i._printf_core) for _printf_core
    printf3.o(i.__0vprintf$3) refers to usart.o(.text) for fputc
    printf3.o(i.__0vprintf$3) refers to usart.o(.data) for __stdout
    printf3.o(i.__0vsnprintf$3) refers to printf3.o(i._printf_core) for _printf_core
    printf3.o(i.__0vsnprintf$3) refers to printf3.o(i._snputc) for _snputc
    printf3.o(i.__0vsprintf$3) refers to printf3.o(i._printf_core) for _printf_core
    printf3.o(i.__0vsprintf$3) refers to printf3.o(i._sputc) for _sputc
    printf3.o(i._printf_core) refers to uidiv.o(.text) for __aeabi_uidivmod
    printf4.o(i.__0fprintf$4) refers to printf4.o(i._printf_core) for _printf_core
    printf4.o(i.__0fprintf$4) refers to usart.o(.text) for fputc
    printf4.o(i.__0printf$4) refers to printf4.o(i._printf_core) for _printf_core
    printf4.o(i.__0printf$4) refers to usart.o(.text) for fputc
    printf4.o(i.__0printf$4) refers to usart.o(.data) for __stdout
    printf4.o(i.__0snprintf$4) refers to printf4.o(i._printf_core) for _printf_core
    printf4.o(i.__0snprintf$4) refers to printf4.o(i._snputc) for _snputc
    printf4.o(i.__0sprintf$4) refers to printf4.o(i._printf_core) for _printf_core
    printf4.o(i.__0sprintf$4) refers to printf4.o(i._sputc) for _sputc
    printf4.o(i.__0vfprintf$4) refers to printf4.o(i._printf_core) for _printf_core
    printf4.o(i.__0vfprintf$4) refers to usart.o(.text) for fputc
    printf4.o(i.__0vprintf$4) refers to printf4.o(i._printf_core) for _printf_core
    printf4.o(i.__0vprintf$4) refers to usart.o(.text) for fputc
    printf4.o(i.__0vprintf$4) refers to usart.o(.data) for __stdout
    printf4.o(i.__0vsnprintf$4) refers to printf4.o(i._printf_core) for _printf_core
    printf4.o(i.__0vsnprintf$4) refers to printf4.o(i._snputc) for _snputc
    printf4.o(i.__0vsprintf$4) refers to printf4.o(i._printf_core) for _printf_core
    printf4.o(i.__0vsprintf$4) refers to printf4.o(i._sputc) for _sputc
    printf4.o(i._printf_core) refers to uldiv.o(.text) for __aeabi_uldivmod
    printf5.o(i.__0fprintf$5) refers to printf5.o(i._printf_core) for _printf_core
    printf5.o(i.__0fprintf$5) refers to usart.o(.text) for fputc
    printf5.o(i.__0printf$5) refers to printf5.o(i._printf_core) for _printf_core
    printf5.o(i.__0printf$5) refers to usart.o(.text) for fputc
    printf5.o(i.__0printf$5) refers to usart.o(.data) for __stdout
    printf5.o(i.__0snprintf$5) refers to printf5.o(i._printf_core) for _printf_core
    printf5.o(i.__0snprintf$5) refers to printf5.o(i._snputc) for _snputc
    printf5.o(i.__0sprintf$5) refers to printf5.o(i._printf_core) for _printf_core
    printf5.o(i.__0sprintf$5) refers to printf5.o(i._sputc) for _sputc
    printf5.o(i.__0vfprintf$5) refers to printf5.o(i._printf_core) for _printf_core
    printf5.o(i.__0vfprintf$5) refers to usart.o(.text) for fputc
    printf5.o(i.__0vprintf$5) refers to printf5.o(i._printf_core) for _printf_core
    printf5.o(i.__0vprintf$5) refers to usart.o(.text) for fputc
    printf5.o(i.__0vprintf$5) refers to usart.o(.data) for __stdout
    printf5.o(i.__0vsnprintf$5) refers to printf5.o(i._printf_core) for _printf_core
    printf5.o(i.__0vsnprintf$5) refers to printf5.o(i._snputc) for _snputc
    printf5.o(i.__0vsprintf$5) refers to printf5.o(i._printf_core) for _printf_core
    printf5.o(i.__0vsprintf$5) refers to printf5.o(i._sputc) for _sputc
    printf5.o(i._printf_core) refers to uldiv.o(.text) for __aeabi_uldivmod
    printf6.o(i.__0fprintf$6) refers to printf6.o(i._printf_core) for _printf_core
    printf6.o(i.__0fprintf$6) refers to usart.o(.text) for fputc
    printf6.o(i.__0printf$6) refers to printf6.o(i._printf_core) for _printf_core
    printf6.o(i.__0printf$6) refers to usart.o(.text) for fputc
    printf6.o(i.__0printf$6) refers to usart.o(.data) for __stdout
    printf6.o(i.__0snprintf$6) refers to printf6.o(i._printf_core) for _printf_core
    printf6.o(i.__0snprintf$6) refers to printf6.o(i._snputc) for _snputc
    printf6.o(i.__0sprintf$6) refers to printf6.o(i._printf_core) for _printf_core
    printf6.o(i.__0sprintf$6) refers to printf6.o(i._sputc) for _sputc
    printf6.o(i.__0vfprintf$6) refers to printf6.o(i._printf_core) for _printf_core
    printf6.o(i.__0vfprintf$6) refers to usart.o(.text) for fputc
    printf6.o(i.__0vprintf$6) refers to printf6.o(i._printf_core) for _printf_core
    printf6.o(i.__0vprintf$6) refers to usart.o(.text) for fputc
    printf6.o(i.__0vprintf$6) refers to usart.o(.data) for __stdout
    printf6.o(i.__0vsnprintf$6) refers to printf6.o(i._printf_core) for _printf_core
    printf6.o(i.__0vsnprintf$6) refers to printf6.o(i._snputc) for _snputc
    printf6.o(i.__0vsprintf$6) refers to printf6.o(i._printf_core) for _printf_core
    printf6.o(i.__0vsprintf$6) refers to printf6.o(i._sputc) for _sputc
    printf6.o(i._printf_core) refers to printf6.o(i._printf_pre_padding) for _printf_pre_padding
    printf6.o(i._printf_core) refers to uidiv.o(.text) for __aeabi_uidivmod
    printf6.o(i._printf_core) refers to printf6.o(i._printf_post_padding) for _printf_post_padding
    printf7.o(i.__0fprintf$7) refers to printf7.o(i._printf_core) for _printf_core
    printf7.o(i.__0fprintf$7) refers to usart.o(.text) for fputc
    printf7.o(i.__0printf$7) refers to printf7.o(i._printf_core) for _printf_core
    printf7.o(i.__0printf$7) refers to usart.o(.text) for fputc
    printf7.o(i.__0printf$7) refers to usart.o(.data) for __stdout
    printf7.o(i.__0snprintf$7) refers to printf7.o(i._printf_core) for _printf_core
    printf7.o(i.__0snprintf$7) refers to printf7.o(i._snputc) for _snputc
    printf7.o(i.__0sprintf$7) refers to printf7.o(i._printf_core) for _printf_core
    printf7.o(i.__0sprintf$7) refers to printf7.o(i._sputc) for _sputc
    printf7.o(i.__0vfprintf$7) refers to printf7.o(i._printf_core) for _printf_core
    printf7.o(i.__0vfprintf$7) refers to usart.o(.text) for fputc
    printf7.o(i.__0vprintf$7) refers to printf7.o(i._printf_core) for _printf_core
    printf7.o(i.__0vprintf$7) refers to usart.o(.text) for fputc
    printf7.o(i.__0vprintf$7) refers to usart.o(.data) for __stdout
    printf7.o(i.__0vsnprintf$7) refers to printf7.o(i._printf_core) for _printf_core
    printf7.o(i.__0vsnprintf$7) refers to printf7.o(i._snputc) for _snputc
    printf7.o(i.__0vsprintf$7) refers to printf7.o(i._printf_core) for _printf_core
    printf7.o(i.__0vsprintf$7) refers to printf7.o(i._sputc) for _sputc
    printf7.o(i._printf_core) refers to printf7.o(i._printf_pre_padding) for _printf_pre_padding
    printf7.o(i._printf_core) refers to uldiv.o(.text) for __aeabi_uldivmod
    printf7.o(i._printf_core) refers to printf7.o(i._printf_post_padding) for _printf_post_padding
    printf8.o(i.__0fprintf$8) refers to printf8.o(i._printf_core) for _printf_core
    printf8.o(i.__0fprintf$8) refers to usart.o(.text) for fputc
    printf8.o(i.__0printf$8) refers to printf8.o(i._printf_core) for _printf_core
    printf8.o(i.__0printf$8) refers to usart.o(.text) for fputc
    printf8.o(i.__0printf$8) refers to usart.o(.data) for __stdout
    printf8.o(i.__0snprintf$8) refers to printf8.o(i._printf_core) for _printf_core
    printf8.o(i.__0snprintf$8) refers to printf8.o(i._snputc) for _snputc
    printf8.o(i.__0sprintf$8) refers to printf8.o(i._printf_core) for _printf_core
    printf8.o(i.__0sprintf$8) refers to printf8.o(i._sputc) for _sputc
    printf8.o(i.__0vfprintf$8) refers to printf8.o(i._printf_core) for _printf_core
    printf8.o(i.__0vfprintf$8) refers to usart.o(.text) for fputc
    printf8.o(i.__0vprintf$8) refers to printf8.o(i._printf_core) for _printf_core
    printf8.o(i.__0vprintf$8) refers to usart.o(.text) for fputc
    printf8.o(i.__0vprintf$8) refers to usart.o(.data) for __stdout
    printf8.o(i.__0vsnprintf$8) refers to printf8.o(i._printf_core) for _printf_core
    printf8.o(i.__0vsnprintf$8) refers to printf8.o(i._snputc) for _snputc
    printf8.o(i.__0vsprintf$8) refers to printf8.o(i._printf_core) for _printf_core
    printf8.o(i.__0vsprintf$8) refers to printf8.o(i._sputc) for _sputc
    printf8.o(i._printf_core) refers to printf8.o(i._printf_pre_padding) for _printf_pre_padding
    printf8.o(i._printf_core) refers to uldiv.o(.text) for __aeabi_uldivmod
    printf8.o(i._printf_core) refers to printf8.o(i._printf_post_padding) for _printf_post_padding
    printfa.o(i.__0fprintf) refers (Special) to iusefp.o(.text) for __I$use$fp
    printfa.o(i.__0fprintf) refers to printfa.o(i._printf_core) for _printf_core
    printfa.o(i.__0fprintf) refers to usart.o(.text) for fputc
    printfa.o(i.__0printf) refers (Special) to iusefp.o(.text) for __I$use$fp
    printfa.o(i.__0printf) refers to printfa.o(i._printf_core) for _printf_core
    printfa.o(i.__0printf) refers to usart.o(.text) for fputc
    printfa.o(i.__0printf) refers to usart.o(.data) for __stdout
    printfa.o(i.__0snprintf) refers (Special) to iusefp.o(.text) for __I$use$fp
    printfa.o(i.__0snprintf) refers to printfa.o(i._printf_core) for _printf_core
    printfa.o(i.__0snprintf) refers to printfa.o(i._snputc) for _snputc
    printfa.o(i.__0sprintf) refers (Special) to iusefp.o(.text) for __I$use$fp
    printfa.o(i.__0sprintf) refers to printfa.o(i._printf_core) for _printf_core
    printfa.o(i.__0sprintf) refers to printfa.o(i._sputc) for _sputc
    printfa.o(i.__0vfprintf) refers (Special) to iusefp.o(.text) for __I$use$fp
    printfa.o(i.__0vfprintf) refers to printfa.o(i._printf_core) for _printf_core
    printfa.o(i.__0vfprintf) refers to usart.o(.text) for fputc
    printfa.o(i.__0vprintf) refers (Special) to iusefp.o(.text) for __I$use$fp
    printfa.o(i.__0vprintf) refers to printfa.o(i._printf_core) for _printf_core
    printfa.o(i.__0vprintf) refers to usart.o(.text) for fputc
    printfa.o(i.__0vprintf) refers to usart.o(.data) for __stdout
    printfa.o(i.__0vsnprintf) refers (Special) to iusefp.o(.text) for __I$use$fp
    printfa.o(i.__0vsnprintf) refers to printfa.o(i._printf_core) for _printf_core
    printfa.o(i.__0vsnprintf) refers to printfa.o(i._snputc) for _snputc
    printfa.o(i.__0vsprintf) refers (Special) to iusefp.o(.text) for __I$use$fp
    printfa.o(i.__0vsprintf) refers to printfa.o(i._printf_core) for _printf_core
    printfa.o(i.__0vsprintf) refers to printfa.o(i._sputc) for _sputc
    printfa.o(i._fp_digits) refers (Special) to iusefp.o(.text) for __I$use$fp
    printfa.o(i._fp_digits) refers to dmul.o(.text) for __aeabi_dmul
    printfa.o(i._fp_digits) refers to ddiv.o(.text) for __aeabi_ddiv
    printfa.o(i._fp_digits) refers to cdrcmple.o(.text) for __aeabi_cdrcmple
    printfa.o(i._fp_digits) refers to dadd.o(.text) for __aeabi_dadd
    printfa.o(i._fp_digits) refers to dfixul.o(.text) for __aeabi_d2ulz
    printfa.o(i._fp_digits) refers to uldiv.o(.text) for __aeabi_uldivmod
    printfa.o(i._printf_core) refers (Special) to iusefp.o(.text) for __I$use$fp
    printfa.o(i._printf_core) refers to printfa.o(i._printf_pre_padding) for _printf_pre_padding
    printfa.o(i._printf_core) refers to uldiv.o(.text) for __aeabi_uldivmod
    printfa.o(i._printf_core) refers to printfa.o(i._printf_post_padding) for _printf_post_padding
    printfa.o(i._printf_core) refers to printfa.o(i._fp_digits) for _fp_digits
    printfa.o(i._printf_core) refers to uidiv.o(.text) for __aeabi_uidivmod
    printfa.o(i._printf_post_padding) refers (Special) to iusefp.o(.text) for __I$use$fp
    printfa.o(i._printf_pre_padding) refers (Special) to iusefp.o(.text) for __I$use$fp
    printfa.o(i._snputc) refers (Special) to iusefp.o(.text) for __I$use$fp
    printfa.o(i._sputc) refers (Special) to iusefp.o(.text) for __I$use$fp
    fadd.o(.text) refers (Special) to iusefp.o(.text) for __I$use$fp
    fadd.o(.text) refers to fepilogue.o(.text) for _float_epilogue
    fmul.o(.text) refers (Special) to iusefp.o(.text) for __I$use$fp
    fdiv.o(.text) refers (Special) to iusefp.o(.text) for __I$use$fp
    fdiv.o(.text) refers to fepilogue.o(.text) for _float_round
    ffixui.o(.text) refers (Special) to iusefp.o(.text) for __I$use$fp
    entry2.o(.ARM.Collect$$$$00000001) refers to entry2.o(.ARM.Collect$$$$00002712) for __lit__00000000
    entry2.o(.ARM.Collect$$$$00002712) refers to startup_stm32f10x_md.o(STACK) for __initial_sp
    entry2.o(__vectab_stack_and_reset_area) refers to startup_stm32f10x_md.o(STACK) for __initial_sp
    entry2.o(__vectab_stack_and_reset_area) refers to entry.o(.ARM.Collect$$$$00000000) for __main
    entry5.o(.ARM.Collect$$$$00000004) refers to init.o(.text) for __scatterload
    entry9a.o(.ARM.Collect$$$$0000000B) refers to main.o(.text) for main
    entry9b.o(.ARM.Collect$$$$0000000C) refers to main.o(.text) for main
    uldiv.o(.text) refers to llushr.o(.text) for __aeabi_llsr
    uldiv.o(.text) refers to llshl.o(.text) for __aeabi_llsl
    dadd.o(.text) refers to llshl.o(.text) for __aeabi_llsl
    dadd.o(.text) refers to llsshr.o(.text) for __aeabi_lasr
    dadd.o(.text) refers to depilogue.o(.text) for _double_epilogue
    dmul.o(.text) refers to depilogue.o(.text) for _double_epilogue
    ddiv.o(.text) refers to depilogue.o(.text) for _double_round
    dfixul.o(.text) refers to llushr.o(.text) for __aeabi_llsr
    dfixul.o(.text) refers to llshl.o(.text) for __aeabi_llsl
    init.o(.text) refers to entry5.o(.ARM.Collect$$$$00000004) for __main_after_scatterload
    depilogue.o(.text) refers to llshl.o(.text) for __aeabi_llsl
    depilogue.o(.text) refers to llushr.o(.text) for __aeabi_llsr


==============================================================================

Removing Unused input sections from the image.

    Removing wkup.o(.data), (1 bytes).
    Removing zw_user.o(.bss), (12 bytes).
    Removing sys.o(.emb_text), (6 bytes).
    Removing sys.o(.text), (12 bytes).
    Removing usart.o(.bss), (64 bytes).
    Removing wdg.o(.text), (44 bytes).
    Removing core_cm3.o(.emb_text), (32 bytes).
    Removing startup_stm32f10x_md.o(HEAP), (512 bytes).
    Removing stm32f10x_fsmc.o(.text), (1548 bytes).
    Removing stm32f10x_iwdg.o(.text), (64 bytes).
    Removing stm32f10x_bkp.o(.text), (196 bytes).

11 unused section(s) (total 2491 bytes) removed from the image.

==============================================================================

Image Symbol Table

    Local Symbols

    Symbol Name                              Value     Ov Type        Size  Object(Section)

    ../clib/../cmprslib/zerorunl2.c          0x00000000   Number         0  __dczerorl2.o ABSOLUTE
    ../clib/microlib/division.c              0x00000000   Number         0  uidiv.o ABSOLUTE
    ../clib/microlib/division.c              0x00000000   Number         0  uldiv.o ABSOLUTE
    ../clib/microlib/init/entry.s            0x00000000   Number         0  entry9b.o ABSOLUTE
    ../clib/microlib/init/entry.s            0x00000000   Number         0  entry7a.o ABSOLUTE
    ../clib/microlib/init/entry.s            0x00000000   Number         0  entry5.o ABSOLUTE
    ../clib/microlib/init/entry.s            0x00000000   Number         0  entry2.o ABSOLUTE
    ../clib/microlib/init/entry.s            0x00000000   Number         0  entry10a.o ABSOLUTE
    ../clib/microlib/init/entry.s            0x00000000   Number         0  entry11a.o ABSOLUTE
    ../clib/microlib/init/entry.s            0x00000000   Number         0  entry9a.o ABSOLUTE
    ../clib/microlib/init/entry.s            0x00000000   Number         0  entry.o ABSOLUTE
    ../clib/microlib/init/entry.s            0x00000000   Number         0  entry10b.o ABSOLUTE
    ../clib/microlib/init/entry.s            0x00000000   Number         0  entry8b.o ABSOLUTE
    ../clib/microlib/init/entry.s            0x00000000   Number         0  entry8a.o ABSOLUTE
    ../clib/microlib/init/entry.s            0x00000000   Number         0  entry11b.o ABSOLUTE
    ../clib/microlib/init/entry.s            0x00000000   Number         0  entry7b.o ABSOLUTE
    ../clib/microlib/longlong.c              0x00000000   Number         0  llsshr.o ABSOLUTE
    ../clib/microlib/longlong.c              0x00000000   Number         0  llushr.o ABSOLUTE
    ../clib/microlib/longlong.c              0x00000000   Number         0  llshl.o ABSOLUTE
    ../clib/microlib/printf/printf.c         0x00000000   Number         0  printf3.o ABSOLUTE
    ../clib/microlib/printf/printf.c         0x00000000   Number         0  printf4.o ABSOLUTE
    ../clib/microlib/printf/printf.c         0x00000000   Number         0  printf1.o ABSOLUTE
    ../clib/microlib/printf/printf.c         0x00000000   Number         0  printf8.o ABSOLUTE
    ../clib/microlib/printf/printf.c         0x00000000   Number         0  printfb.o ABSOLUTE
    ../clib/microlib/printf/printf.c         0x00000000   Number         0  printf6.o ABSOLUTE
    ../clib/microlib/printf/printf.c         0x00000000   Number         0  printfa.o ABSOLUTE
    ../clib/microlib/printf/printf.c         0x00000000   Number         0  printf7.o ABSOLUTE
    ../clib/microlib/printf/printf.c         0x00000000   Number         0  printf0.o ABSOLUTE
    ../clib/microlib/printf/printf.c         0x00000000   Number         0  printf5.o ABSOLUTE
    ../clib/microlib/printf/printf.c         0x00000000   Number         0  printf2.o ABSOLUTE
    ../clib/microlib/printf/stubs.s          0x00000000   Number         0  stubs.o ABSOLUTE
    ../clib/microlib/string/strlen.c         0x00000000   Number         0  strlen.o ABSOLUTE
    ../clib/microlib/string/strstr.c         0x00000000   Number         0  strstr.o ABSOLUTE
    ../clib/microlib/stubs.s                 0x00000000   Number         0  iusefp.o ABSOLUTE
    ../clib/microlib/stubs.s                 0x00000000   Number         0  useno.o ABSOLUTE
    ../fplib/microlib/fpadd.c                0x00000000   Number         0  fadd.o ABSOLUTE
    ../fplib/microlib/fpadd.c                0x00000000   Number         0  dadd.o ABSOLUTE
    ../fplib/microlib/fpdiv.c                0x00000000   Number         0  fdiv.o ABSOLUTE
    ../fplib/microlib/fpdiv.c                0x00000000   Number         0  ddiv.o ABSOLUTE
    ../fplib/microlib/fpepilogue.c           0x00000000   Number         0  depilogue.o ABSOLUTE
    ../fplib/microlib/fpepilogue.c           0x00000000   Number         0  fepilogue.o ABSOLUTE
    ../fplib/microlib/fpfix.c                0x00000000   Number         0  ffixui.o ABSOLUTE
    ../fplib/microlib/fpfix.c                0x00000000   Number         0  dfixul.o ABSOLUTE
    ../fplib/microlib/fpmul.c                0x00000000   Number         0  dmul.o ABSOLUTE
    ../fplib/microlib/fpmul.c                0x00000000   Number         0  fmul.o ABSOLUTE
    ..\CORE\core_cm3.c                       0x00000000   Number         0  core_cm3.o ABSOLUTE
    ..\CORE\startup_stm32f10x_md.s           0x00000000   Number         0  startup_stm32f10x_md.o ABSOLUTE
    ..\HARDWARE\AS608\as608.c                0x00000000   Number         0  as608.o ABSOLUTE
    ..\HARDWARE\COUNT\count.c                0x00000000   Number         0  count.o ABSOLUTE
    ..\HARDWARE\KEY\Key.c                    0x00000000   Number         0  key.o ABSOLUTE
    ..\HARDWARE\LED\led.c                    0x00000000   Number         0  led.o ABSOLUTE
    ..\HARDWARE\OLED\oled.c                  0x00000000   Number         0  oled.o ABSOLUTE
    ..\HARDWARE\PWM.c                        0x00000000   Number         0  pwm.o ABSOLUTE
    ..\HARDWARE\Servo.c                      0x00000000   Number         0  servo.o ABSOLUTE
    ..\HARDWARE\USART3\usart3.c              0x00000000   Number         0  usart3.o ABSOLUTE
    ..\HARDWARE\Wk_Up\wkup.c                 0x00000000   Number         0  wkup.o ABSOLUTE
    ..\HARDWARE\ZW_user\zw_user.c            0x00000000   Number         0  zw_user.o ABSOLUTE
    ..\STM32F10x_FWLib\src\misc.c            0x00000000   Number         0  misc.o ABSOLUTE
    ..\STM32F10x_FWLib\src\stm32f10x_bkp.c   0x00000000   Number         0  stm32f10x_bkp.o ABSOLUTE
    ..\STM32F10x_FWLib\src\stm32f10x_exti.c  0x00000000   Number         0  stm32f10x_exti.o ABSOLUTE
    ..\STM32F10x_FWLib\src\stm32f10x_fsmc.c  0x00000000   Number         0  stm32f10x_fsmc.o ABSOLUTE
    ..\STM32F10x_FWLib\src\stm32f10x_gpio.c  0x00000000   Number         0  stm32f10x_gpio.o ABSOLUTE
    ..\STM32F10x_FWLib\src\stm32f10x_iwdg.c  0x00000000   Number         0  stm32f10x_iwdg.o ABSOLUTE
    ..\STM32F10x_FWLib\src\stm32f10x_pwr.c   0x00000000   Number         0  stm32f10x_pwr.o ABSOLUTE
    ..\STM32F10x_FWLib\src\stm32f10x_rcc.c   0x00000000   Number         0  stm32f10x_rcc.o ABSOLUTE
    ..\STM32F10x_FWLib\src\stm32f10x_tim.c   0x00000000   Number         0  stm32f10x_tim.o ABSOLUTE
    ..\STM32F10x_FWLib\src\stm32f10x_usart.c 0x00000000   Number         0  stm32f10x_usart.o ABSOLUTE
    ..\SYSTEM\delay\delay.c                  0x00000000   Number         0  delay.o ABSOLUTE
    ..\SYSTEM\sys\sys.c                      0x00000000   Number         0  sys.o ABSOLUTE
    ..\SYSTEM\time\timer.c                   0x00000000   Number         0  timer_1.o ABSOLUTE
    ..\SYSTEM\usart\usart.c                  0x00000000   Number         0  usart.o ABSOLUTE
    ..\SYSTEM\wdg\wdg.c                      0x00000000   Number         0  wdg.o ABSOLUTE
    ..\\CORE\\core_cm3.c                     0x00000000   Number         0  core_cm3.o ABSOLUTE
    ..\\SYSTEM\\sys\\sys.c                   0x00000000   Number         0  sys.o ABSOLUTE
    cdrcmple.s                               0x00000000   Number         0  cdrcmple.o ABSOLUTE
    dc.s                                     0x00000000   Number         0  dc.o ABSOLUTE
    handlers.s                               0x00000000   Number         0  handlers.o ABSOLUTE
    init.s                                   0x00000000   Number         0  init.o ABSOLUTE
    main.c                                   0x00000000   Number         0  main.o ABSOLUTE
    stm32f10x_it.c                           0x00000000   Number         0  stm32f10x_it.o ABSOLUTE
    system_stm32f10x.c                       0x00000000   Number         0  system_stm32f10x.o ABSOLUTE
    RESET                                    0x08000000   Section      236  startup_stm32f10x_md.o(RESET)
    .ARM.Collect$$$$00000000                 0x080000ec   Section        0  entry.o(.ARM.Collect$$$$00000000)
    .ARM.Collect$$$$00000001                 0x080000ec   Section        4  entry2.o(.ARM.Collect$$$$00000001)
    .ARM.Collect$$$$00000004                 0x080000f0   Section        4  entry5.o(.ARM.Collect$$$$00000004)
    .ARM.Collect$$$$00000008                 0x080000f4   Section        0  entry7b.o(.ARM.Collect$$$$00000008)
    .ARM.Collect$$$$0000000A                 0x080000f4   Section        0  entry8b.o(.ARM.Collect$$$$0000000A)
    .ARM.Collect$$$$0000000B                 0x080000f4   Section        8  entry9a.o(.ARM.Collect$$$$0000000B)
    .ARM.Collect$$$$0000000D                 0x080000fc   Section        0  entry10a.o(.ARM.Collect$$$$0000000D)
    .ARM.Collect$$$$0000000F                 0x080000fc   Section        0  entry11a.o(.ARM.Collect$$$$0000000F)
    .ARM.Collect$$$$00002712                 0x080000fc   Section        4  entry2.o(.ARM.Collect$$$$00002712)
    __lit__00000000                          0x080000fc   Data           4  entry2.o(.ARM.Collect$$$$00002712)
    .text                                    0x08000100   Section        0  stm32f10x_it.o(.text)
    .text                                    0x0800011c   Section        0  main.o(.text)
    .text                                    0x08000684   Section        0  system_stm32f10x.o(.text)
    SetSysClockTo72                          0x08000685   Thumb Code   214  system_stm32f10x.o(.text)
    SetSysClock                              0x0800075b   Thumb Code     8  system_stm32f10x.o(.text)
    .text                                    0x08000864   Section        0  led.o(.text)
    .text                                    0x080008c8   Section        0  key.o(.text)
    .text                                    0x08000990   Section        0  as608.o(.text)
    MYUSART_SendData                         0x08000991   Thumb Code    22  as608.o(.text)
    SendHead                                 0x080009a7   Thumb Code    16  as608.o(.text)
    SendAddr                                 0x080009b7   Thumb Code    46  as608.o(.text)
    SendFlag                                 0x080009e5   Thumb Code    12  as608.o(.text)
    SendLength                               0x080009f1   Thumb Code    20  as608.o(.text)
    Sendcmd                                  0x08000a05   Thumb Code    12  as608.o(.text)
    SendCheck                                0x08000a11   Thumb Code    18  as608.o(.text)
    JudgeStr                                 0x08000a23   Thumb Code   122  as608.o(.text)
    .text                                    0x08001448   Section        0  wkup.o(.text)
    .text                                    0x080014fc   Section        0  zw_user.o(.text)
    .text                                    0x08001d80   Section        0  oled.o(.text)
    .text                                    0x0800243c   Section        0  count.o(.text)
    .text                                    0x080024b8   Section        0  pwm.o(.text)
    .text                                    0x0800255c   Section        0  servo.o(.text)
    .text                                    0x080025a0   Section        0  delay.o(.text)
    .text                                    0x08002684   Section        0  usart.o(.text)
    .text                                    0x0800276c   Section        0  timer_1.o(.text)
    .text                                    0x0800298c   Section        0  usart3.o(.text)
    .text                                    0x08002b08   Section       28  startup_stm32f10x_md.o(.text)
    .text                                    0x08002b24   Section        0  misc.o(.text)
    .text                                    0x08002c00   Section        0  stm32f10x_gpio.o(.text)
    .text                                    0x08002f5c   Section        0  stm32f10x_rcc.o(.text)
    .text                                    0x08003300   Section        0  stm32f10x_usart.o(.text)
    .text                                    0x08003708   Section        0  stm32f10x_tim.o(.text)
    TI4_Config                               0x08003baf   Thumb Code   130  stm32f10x_tim.o(.text)
    TI3_Config                               0x08003c43   Thumb Code   122  stm32f10x_tim.o(.text)
    TI2_Config                               0x08003cd7   Thumb Code   130  stm32f10x_tim.o(.text)
    TI1_Config                               0x08003d6b   Thumb Code   108  stm32f10x_tim.o(.text)
    .text                                    0x08004524   Section        0  stm32f10x_exti.o(.text)
    .text                                    0x08004640   Section        0  stm32f10x_pwr.o(.text)
    .text                                    0x0800470c   Section        0  strstr.o(.text)
    .text                                    0x08004730   Section        0  strlen.o(.text)
    .text                                    0x0800473e   Section        0  fadd.o(.text)
    .text                                    0x080047ee   Section        0  fmul.o(.text)
    .text                                    0x08004852   Section        0  fdiv.o(.text)
    .text                                    0x080048ce   Section        0  ffixui.o(.text)
    .text                                    0x080048f6   Section        0  uidiv.o(.text)
    .text                                    0x08004922   Section        0  uldiv.o(.text)
    .text                                    0x08004984   Section        0  fepilogue.o(.text)
    .text                                    0x08004984   Section        0  iusefp.o(.text)
    .text                                    0x080049f2   Section        0  dadd.o(.text)
    .text                                    0x08004b40   Section        0  dmul.o(.text)
    .text                                    0x08004c24   Section        0  ddiv.o(.text)
    .text                                    0x08004d02   Section        0  dfixul.o(.text)
    .text                                    0x08004d34   Section       48  cdrcmple.o(.text)
    .text                                    0x08004d64   Section       36  init.o(.text)
    .text                                    0x08004d88   Section        0  llshl.o(.text)
    .text                                    0x08004da6   Section        0  llushr.o(.text)
    .text                                    0x08004dc6   Section        0  llsshr.o(.text)
    .text                                    0x08004dea   Section        0  depilogue.o(.text)
    .text                                    0x08004ea4   Section        0  __dczerorl2.o(.text)
    i.__0printf$5                            0x08004efc   Section        0  printf5.o(i.__0printf$5)
    i.__0sprintf$5                           0x08004f1c   Section        0  printf5.o(i.__0sprintf$5)
    i.__0vsprintf                            0x08004f44   Section        0  printfa.o(i.__0vsprintf)
    i.__scatterload_copy                     0x08004f68   Section       14  handlers.o(i.__scatterload_copy)
    i.__scatterload_null                     0x08004f76   Section        2  handlers.o(i.__scatterload_null)
    i.__scatterload_zeroinit                 0x08004f78   Section       14  handlers.o(i.__scatterload_zeroinit)
    i._fp_digits                             0x08004f88   Section        0  printfa.o(i._fp_digits)
    _fp_digits                               0x08004f89   Thumb Code   366  printfa.o(i._fp_digits)
    i._printf_core                           0x0800510c   Section        0  printf5.o(i._printf_core)
    _printf_core                             0x0800510d   Thumb Code   658  printf5.o(i._printf_core)
    i._printf_core                           0x080053cc   Section        0  printfa.o(i._printf_core)
    _printf_core                             0x080053cd   Thumb Code  1744  printfa.o(i._printf_core)
    i._printf_post_padding                   0x08005aa8   Section        0  printfa.o(i._printf_post_padding)
    _printf_post_padding                     0x08005aa9   Thumb Code    36  printfa.o(i._printf_post_padding)
    i._printf_pre_padding                    0x08005acc   Section        0  printfa.o(i._printf_pre_padding)
    _printf_pre_padding                      0x08005acd   Thumb Code    46  printfa.o(i._printf_pre_padding)
    i._sputc                                 0x08005afa   Section        0  printf5.o(i._sputc)
    _sputc                                   0x08005afb   Thumb Code    10  printf5.o(i._sputc)
    i._sputc                                 0x08005b04   Section        0  printfa.o(i._sputc)
    _sputc                                   0x08005b05   Thumb Code    10  printfa.o(i._sputc)
    .constdata                               0x08005b0e   Section     5506  oled.o(.constdata)
    .data                                    0x20000000   Section     3012  main.o(.data)
    .data                                    0x20000bc4   Section       20  system_stm32f10x.o(.data)
    .data                                    0x20000bd8   Section       11  as608.o(.data)
    .data                                    0x20000be3   Section        1  zw_user.o(.data)
    .data                                    0x20000be4   Section       64  oled.o(.data)
    .data                                    0x20000c24   Section        4  delay.o(.data)
    fac_us                                   0x20000c24   Data           1  delay.o(.data)
    fac_ms                                   0x20000c26   Data           2  delay.o(.data)
    .data                                    0x20000c28   Section        6  usart.o(.data)
    .data                                    0x20000c30   Section       18  timer_1.o(.data)
    .data                                    0x20000c42   Section        2  usart3.o(.data)
    .data                                    0x20000c44   Section       20  stm32f10x_rcc.o(.data)
    APBAHBPrescTable                         0x20000c44   Data          16  stm32f10x_rcc.o(.data)
    ADCPrescTable                            0x20000c54   Data           4  stm32f10x_rcc.o(.data)
    .bss                                     0x20000c58   Section       16  delay.o(.bss)
    .bss                                     0x20000c68   Section      800  usart3.o(.bss)
    STACK                                    0x20000f88   Section     1024  startup_stm32f10x_md.o(STACK)

    Global Symbols

    Symbol Name                              Value     Ov Type        Size  Object(Section)

    BuildAttributes$$THM_ISAv4$P$D$K$B$S$PE$A:L22UL41UL21$X:L11$S22US41US21$IEEE1$IW$USESV6$~STKCKD$USESV7$~SHL$OTIME$ROPI$EBA8$MICROLIB$REQ8$PRES8$EABIv2 0x00000000   Number         0  anon$$obj.o ABSOLUTE
    __ARM_use_no_argv                        0x00000000   Number         0  main.o ABSOLUTE
    __use_no_errno                           0x00000000   Number         0  useno.o ABSOLUTE
    __use_no_exception_handling              0x00000000   Number         0  useno.o ABSOLUTE
    __use_no_fp                              0x00000000   Number         0  useno.o ABSOLUTE
    __use_no_heap                            0x00000000   Number         0  useno.o ABSOLUTE
    __use_no_heap_region                     0x00000000   Number         0  useno.o ABSOLUTE
    __use_no_semihosting                     0x00000000   Number         0  useno.o ABSOLUTE
    __use_no_semihosting_swi                 0x00000000   Number         0  useno.o ABSOLUTE
    __use_no_signal_handling                 0x00000000   Number         0  useno.o ABSOLUTE
    _printf_a                                0x00000000   Number         0  stubs.o ABSOLUTE
    _printf_c                                0x00000000   Number         0  stubs.o ABSOLUTE
    _printf_charcount                        0x00000000   Number         0  stubs.o ABSOLUTE
    _printf_d                                0x00000000   Number         0  stubs.o ABSOLUTE
    _printf_e                                0x00000000   Number         0  stubs.o ABSOLUTE
    _printf_f                                0x00000000   Number         0  stubs.o ABSOLUTE
    _printf_flags                            0x00000000   Number         0  stubs.o ABSOLUTE
    _printf_fp_dec                           0x00000000   Number         0  stubs.o ABSOLUTE
    _printf_fp_hex                           0x00000000   Number         0  stubs.o ABSOLUTE
    _printf_g                                0x00000000   Number         0  stubs.o ABSOLUTE
    _printf_i                                0x00000000   Number         0  stubs.o ABSOLUTE
    _printf_int_dec                          0x00000000   Number         0  stubs.o ABSOLUTE
    _printf_l                                0x00000000   Number         0  stubs.o ABSOLUTE
    _printf_lc                               0x00000000   Number         0  stubs.o ABSOLUTE
    _printf_ll                               0x00000000   Number         0  stubs.o ABSOLUTE
    _printf_lld                              0x00000000   Number         0  stubs.o ABSOLUTE
    _printf_lli                              0x00000000   Number         0  stubs.o ABSOLUTE
    _printf_llo                              0x00000000   Number         0  stubs.o ABSOLUTE
    _printf_llu                              0x00000000   Number         0  stubs.o ABSOLUTE
    _printf_llx                              0x00000000   Number         0  stubs.o ABSOLUTE
    _printf_longlong_dec                     0x00000000   Number         0  stubs.o ABSOLUTE
    _printf_longlong_hex                     0x00000000   Number         0  stubs.o ABSOLUTE
    _printf_longlong_oct                     0x00000000   Number         0  stubs.o ABSOLUTE
    _printf_ls                               0x00000000   Number         0  stubs.o ABSOLUTE
    _printf_mbtowc                           0x00000000   Number         0  stubs.o ABSOLUTE
    _printf_n                                0x00000000   Number         0  stubs.o ABSOLUTE
    _printf_o                                0x00000000   Number         0  stubs.o ABSOLUTE
    _printf_p                                0x00000000   Number         0  stubs.o ABSOLUTE
    _printf_percent                          0x00000000   Number         0  stubs.o ABSOLUTE
    _printf_pre_padding                      0x00000000   Number         0  stubs.o ABSOLUTE
    _printf_return_value                     0x00000000   Number         0  stubs.o ABSOLUTE
    _printf_s                                0x00000000   Number         0  stubs.o ABSOLUTE
    _printf_sizespec                         0x00000000   Number         0  stubs.o ABSOLUTE
    _printf_str                              0x00000000   Number         0  stubs.o ABSOLUTE
    _printf_truncate_signed                  0x00000000   Number         0  stubs.o ABSOLUTE
    _printf_truncate_unsigned                0x00000000   Number         0  stubs.o ABSOLUTE
    _printf_u                                0x00000000   Number         0  stubs.o ABSOLUTE
    _printf_wc                               0x00000000   Number         0  stubs.o ABSOLUTE
    _printf_wctomb                           0x00000000   Number         0  stubs.o ABSOLUTE
    _printf_widthprec                        0x00000000   Number         0  stubs.o ABSOLUTE
    _printf_x                                0x00000000   Number         0  stubs.o ABSOLUTE
    __cpp_initialize__aeabi_                  - Undefined Weak Reference
    __cxa_finalize                            - Undefined Weak Reference
    _clock_init                               - Undefined Weak Reference
    _microlib_exit                            - Undefined Weak Reference
    __Vectors_Size                           0x000000ec   Number         0  startup_stm32f10x_md.o ABSOLUTE
    __Vectors                                0x08000000   Data           4  startup_stm32f10x_md.o(RESET)
    __Vectors_End                            0x080000ec   Data           0  startup_stm32f10x_md.o(RESET)
    __main                                   0x080000ed   Thumb Code     0  entry.o(.ARM.Collect$$$$00000000)
    _main_stk                                0x080000ed   Thumb Code     0  entry2.o(.ARM.Collect$$$$00000001)
    _main_scatterload                        0x080000f1   Thumb Code     0  entry5.o(.ARM.Collect$$$$00000004)
    __main_after_scatterload                 0x080000f5   Thumb Code     0  entry5.o(.ARM.Collect$$$$00000004)
    _main_clock                              0x080000f5   Thumb Code     0  entry7b.o(.ARM.Collect$$$$00000008)
    _main_cpp_init                           0x080000f5   Thumb Code     0  entry8b.o(.ARM.Collect$$$$0000000A)
    _main_init                               0x080000f5   Thumb Code     0  entry9a.o(.ARM.Collect$$$$0000000B)
    __rt_final_cpp                           0x080000fd   Thumb Code     0  entry10a.o(.ARM.Collect$$$$0000000D)
    __rt_final_exit                          0x080000fd   Thumb Code     0  entry11a.o(.ARM.Collect$$$$0000000F)
    NMI_Handler                              0x08000101   Thumb Code     2  stm32f10x_it.o(.text)
    HardFault_Handler                        0x08000103   Thumb Code     4  stm32f10x_it.o(.text)
    MemManage_Handler                        0x08000107   Thumb Code     4  stm32f10x_it.o(.text)
    BusFault_Handler                         0x0800010b   Thumb Code     4  stm32f10x_it.o(.text)
    UsageFault_Handler                       0x0800010f   Thumb Code     4  stm32f10x_it.o(.text)
    SVC_Handler                              0x08000113   Thumb Code     2  stm32f10x_it.o(.text)
    DebugMon_Handler                         0x08000115   Thumb Code     2  stm32f10x_it.o(.text)
    PendSV_Handler                           0x08000117   Thumb Code     2  stm32f10x_it.o(.text)
    SysTick_Handler                          0x08000119   Thumb Code     2  stm32f10x_it.o(.text)
    GLY                                      0x0800011d   Thumb Code    44  main.o(.text)
    ZW_gn                                    0x08000149   Thumb Code   428  main.o(.text)
    LED_gn                                   0x080002f5   Thumb Code    50  main.o(.text)
    xcpai                                    0x08000327   Thumb Code    90  main.o(.text)
    duoji                                    0x08000381   Thumb Code   274  main.o(.text)
    main                                     0x08000493   Thumb Code   472  main.o(.text)
    SystemInit                               0x08000763   Thumb Code    78  system_stm32f10x.o(.text)
    SystemCoreClockUpdate                    0x080007b1   Thumb Code   142  system_stm32f10x.o(.text)
    LED_Init                                 0x08000865   Thumb Code    50  led.o(.text)
    jidianqi                                 0x08000897   Thumb Code    46  led.o(.text)
    Key_Init                                 0x080008c9   Thumb Code    44  key.o(.text)
    KEY_Scanf                                0x080008f5   Thumb Code   152  key.o(.text)
    PS_GetImage                              0x08000a9d   Thumb Code    58  as608.o(.text)
    PS_GenChar                               0x08000ad7   Thumb Code    70  as608.o(.text)
    PS_Match                                 0x08000b1d   Thumb Code    58  as608.o(.text)
    PS_Search                                0x08000b57   Thumb Code   144  as608.o(.text)
    PS_RegModel                              0x08000be7   Thumb Code    58  as608.o(.text)
    PS_StoreChar                             0x08000c21   Thumb Code    96  as608.o(.text)
    PS_DeletChar                             0x08000c81   Thumb Code   108  as608.o(.text)
    PS_Empty                                 0x08000ced   Thumb Code    58  as608.o(.text)
    EnsureMessage                            0x08000d27   Thumb Code   298  as608.o(.text)
    PS_WriteReg                              0x08000e51   Thumb Code   108  as608.o(.text)
    PS_ReadSysPara                           0x08000ebd   Thumb Code   168  as608.o(.text)
    PS_SetAddr                               0x08000f65   Thumb Code   146  as608.o(.text)
    PS_WriteNotepad                          0x08000ff7   Thumb Code   106  as608.o(.text)
    PS_ReadNotepad                           0x08001061   Thumb Code    96  as608.o(.text)
    PS_HighSpeedSearch                       0x080010c1   Thumb Code   582  as608.o(.text)
    PS_ValidTempleteNum                      0x08001307   Thumb Code   122  as608.o(.text)
    PS_HandShake                             0x08001381   Thumb Code   118  as608.o(.text)
    ShowErrMessage                           0x080013f7   Thumb Code    20  as608.o(.text)
    Sys_Standby                              0x08001449   Thumb Code    22  wkup.o(.text)
    Sys_Enter_Standby                        0x0800145f   Thumb Code    18  wkup.o(.text)
    EXTI0_IRQHandler                         0x08001471   Thumb Code    36  wkup.o(.text)
    WKUP_Init                                0x08001495   Thumb Code    96  wkup.o(.text)
    PS_StaGPIO_Init                          0x080014fd   Thumb Code    66  zw_user.o(.text)
    Add_FR                                   0x0800153f   Thumb Code   792  zw_user.o(.text)
    press_FR                                 0x08001857   Thumb Code   940  zw_user.o(.text)
    Del_FR                                   0x08001c03   Thumb Code   216  zw_user.o(.text)
    IIC_Start                                0x08001d81   Thumb Code    44  oled.o(.text)
    IIC_Stop                                 0x08001dad   Thumb Code    34  oled.o(.text)
    IIC_Wait_Ack                             0x08001dcf   Thumb Code    24  oled.o(.text)
    Write_IIC_Byte                           0x08001de7   Thumb Code    88  oled.o(.text)
    Write_IIC_Command                        0x08001e3f   Thumb Code    44  oled.o(.text)
    Write_IIC_Data                           0x08001e6b   Thumb Code    44  oled.o(.text)
    OLED_WR_Byte                             0x08001e97   Thumb Code    24  oled.o(.text)
    fill_picture                             0x08001eaf   Thumb Code    64  oled.o(.text)
    Delay_50ms                               0x08001eef   Thumb Code    22  oled.o(.text)
    Delay_1ms                                0x08001f05   Thumb Code    26  oled.o(.text)
    OLED_Set_Pos                             0x08001f1f   Thumb Code    40  oled.o(.text)
    OLED_Display_On                          0x08001f47   Thumb Code    28  oled.o(.text)
    OLED_Display_Off                         0x08001f63   Thumb Code    28  oled.o(.text)
    OLED_Clear                               0x08001f7f   Thumb Code    62  oled.o(.text)
    OLED_On                                  0x08001fbd   Thumb Code    62  oled.o(.text)
    OLED_ShowChar                            0x08001ffb   Thumb Code   154  oled.o(.text)
    oled_pow                                 0x08002095   Thumb Code    22  oled.o(.text)
    OLED_ShowNum                             0x080020ab   Thumb Code   136  oled.o(.text)
    OLED_ShowString                          0x08002133   Thumb Code    70  oled.o(.text)
    OLED_ShowCHinese                         0x08002179   Thumb Code    98  oled.o(.text)
    OLED_Print                               0x080021db   Thumb Code   206  oled.o(.text)
    OLED_DrawBMP                             0x080022a9   Thumb Code   118  oled.o(.text)
    OLED_Init                                0x0800231f   Thumb Code   274  oled.o(.text)
    zndguang                                 0x0800243d   Thumb Code    74  count.o(.text)
    fmq                                      0x08002487   Thumb Code    44  count.o(.text)
    PWM_Init                                 0x080024b9   Thumb Code   140  pwm.o(.text)
    PWM_SetCompare1                          0x08002545   Thumb Code    14  pwm.o(.text)
    Servo_Init                               0x0800255d   Thumb Code     8  servo.o(.text)
    Servo_SetAngle                           0x08002565   Thumb Code    48  servo.o(.text)
    delay_init                               0x080025a1   Thumb Code    50  delay.o(.text)
    delay_us                                 0x080025d3   Thumb Code    72  delay.o(.text)
    delay_ms                                 0x0800261b   Thumb Code    72  delay.o(.text)
    clean_time2_flags                        0x08002663   Thumb Code    14  delay.o(.text)
    _sys_exit                                0x08002685   Thumb Code     6  usart.o(.text)
    fputc                                    0x0800268b   Thumb Code    24  usart.o(.text)
    Uart_Init                                0x080026a3   Thumb Code   154  usart.o(.text)
    USART1_IRQHandler                        0x0800273d   Thumb Code    36  usart.o(.text)
    TIM3_Int_Init                            0x0800276d   Thumb Code    90  timer_1.o(.text)
    TIM2_Int_Init                            0x080027c7   Thumb Code    92  timer_1.o(.text)
    TIM3_IRQHandler                          0x08002823   Thumb Code   246  timer_1.o(.text)
    TIM2_IRQHandler                          0x08002919   Thumb Code    44  timer_1.o(.text)
    USART3_IRQHandler                        0x0800298d   Thumb Code    96  usart3.o(.text)
    usart3_init                              0x080029ed   Thumb Code   192  usart3.o(.text)
    u2_printf                                0x08002aad   Thumb Code    72  usart3.o(.text)
    Reset_Handler                            0x08002b09   Thumb Code     4  startup_stm32f10x_md.o(.text)
    ADC1_2_IRQHandler                        0x08002b1f   Thumb Code     0  startup_stm32f10x_md.o(.text)
    CAN1_RX1_IRQHandler                      0x08002b1f   Thumb Code     0  startup_stm32f10x_md.o(.text)
    CAN1_SCE_IRQHandler                      0x08002b1f   Thumb Code     0  startup_stm32f10x_md.o(.text)
    DMA1_Channel1_IRQHandler                 0x08002b1f   Thumb Code     0  startup_stm32f10x_md.o(.text)
    DMA1_Channel2_IRQHandler                 0x08002b1f   Thumb Code     0  startup_stm32f10x_md.o(.text)
    DMA1_Channel3_IRQHandler                 0x08002b1f   Thumb Code     0  startup_stm32f10x_md.o(.text)
    DMA1_Channel4_IRQHandler                 0x08002b1f   Thumb Code     0  startup_stm32f10x_md.o(.text)
    DMA1_Channel5_IRQHandler                 0x08002b1f   Thumb Code     0  startup_stm32f10x_md.o(.text)
    DMA1_Channel6_IRQHandler                 0x08002b1f   Thumb Code     0  startup_stm32f10x_md.o(.text)
    DMA1_Channel7_IRQHandler                 0x08002b1f   Thumb Code     0  startup_stm32f10x_md.o(.text)
    EXTI15_10_IRQHandler                     0x08002b1f   Thumb Code     0  startup_stm32f10x_md.o(.text)
    EXTI1_IRQHandler                         0x08002b1f   Thumb Code     0  startup_stm32f10x_md.o(.text)
    EXTI2_IRQHandler                         0x08002b1f   Thumb Code     0  startup_stm32f10x_md.o(.text)
    EXTI3_IRQHandler                         0x08002b1f   Thumb Code     0  startup_stm32f10x_md.o(.text)
    EXTI4_IRQHandler                         0x08002b1f   Thumb Code     0  startup_stm32f10x_md.o(.text)
    EXTI9_5_IRQHandler                       0x08002b1f   Thumb Code     0  startup_stm32f10x_md.o(.text)
    FLASH_IRQHandler                         0x08002b1f   Thumb Code     0  startup_stm32f10x_md.o(.text)
    I2C1_ER_IRQHandler                       0x08002b1f   Thumb Code     0  startup_stm32f10x_md.o(.text)
    I2C1_EV_IRQHandler                       0x08002b1f   Thumb Code     0  startup_stm32f10x_md.o(.text)
    I2C2_ER_IRQHandler                       0x08002b1f   Thumb Code     0  startup_stm32f10x_md.o(.text)
    I2C2_EV_IRQHandler                       0x08002b1f   Thumb Code     0  startup_stm32f10x_md.o(.text)
    PVD_IRQHandler                           0x08002b1f   Thumb Code     0  startup_stm32f10x_md.o(.text)
    RCC_IRQHandler                           0x08002b1f   Thumb Code     0  startup_stm32f10x_md.o(.text)
    RTCAlarm_IRQHandler                      0x08002b1f   Thumb Code     0  startup_stm32f10x_md.o(.text)
    RTC_IRQHandler                           0x08002b1f   Thumb Code     0  startup_stm32f10x_md.o(.text)
    SPI1_IRQHandler                          0x08002b1f   Thumb Code     0  startup_stm32f10x_md.o(.text)
    SPI2_IRQHandler                          0x08002b1f   Thumb Code     0  startup_stm32f10x_md.o(.text)
    TAMPER_IRQHandler                        0x08002b1f   Thumb Code     0  startup_stm32f10x_md.o(.text)
    TIM1_BRK_IRQHandler                      0x08002b1f   Thumb Code     0  startup_stm32f10x_md.o(.text)
    TIM1_CC_IRQHandler                       0x08002b1f   Thumb Code     0  startup_stm32f10x_md.o(.text)
    TIM1_TRG_COM_IRQHandler                  0x08002b1f   Thumb Code     0  startup_stm32f10x_md.o(.text)
    TIM1_UP_IRQHandler                       0x08002b1f   Thumb Code     0  startup_stm32f10x_md.o(.text)
    TIM4_IRQHandler                          0x08002b1f   Thumb Code     0  startup_stm32f10x_md.o(.text)
    USART2_IRQHandler                        0x08002b1f   Thumb Code     0  startup_stm32f10x_md.o(.text)
    USBWakeUp_IRQHandler                     0x08002b1f   Thumb Code     0  startup_stm32f10x_md.o(.text)
    USB_HP_CAN1_TX_IRQHandler                0x08002b1f   Thumb Code     0  startup_stm32f10x_md.o(.text)
    USB_LP_CAN1_RX0_IRQHandler               0x08002b1f   Thumb Code     0  startup_stm32f10x_md.o(.text)
    WWDG_IRQHandler                          0x08002b1f   Thumb Code     0  startup_stm32f10x_md.o(.text)
    NVIC_PriorityGroupConfig                 0x08002b25   Thumb Code    10  misc.o(.text)
    NVIC_Init                                0x08002b2f   Thumb Code   100  misc.o(.text)
    NVIC_SetVectorTable                      0x08002b93   Thumb Code    14  misc.o(.text)
    NVIC_SystemLPConfig                      0x08002ba1   Thumb Code    34  misc.o(.text)
    SysTick_CLKSourceConfig                  0x08002bc3   Thumb Code    40  misc.o(.text)
    GPIO_DeInit                              0x08002c01   Thumb Code   172  stm32f10x_gpio.o(.text)
    GPIO_AFIODeInit                          0x08002cad   Thumb Code    20  stm32f10x_gpio.o(.text)
    GPIO_Init                                0x08002cc1   Thumb Code   278  stm32f10x_gpio.o(.text)
    GPIO_StructInit                          0x08002dd7   Thumb Code    16  stm32f10x_gpio.o(.text)
    GPIO_ReadInputDataBit                    0x08002de7   Thumb Code    18  stm32f10x_gpio.o(.text)
    GPIO_ReadInputData                       0x08002df9   Thumb Code     8  stm32f10x_gpio.o(.text)
    GPIO_ReadOutputDataBit                   0x08002e01   Thumb Code    18  stm32f10x_gpio.o(.text)
    GPIO_ReadOutputData                      0x08002e13   Thumb Code     8  stm32f10x_gpio.o(.text)
    GPIO_SetBits                             0x08002e1b   Thumb Code     4  stm32f10x_gpio.o(.text)
    GPIO_ResetBits                           0x08002e1f   Thumb Code     4  stm32f10x_gpio.o(.text)
    GPIO_WriteBit                            0x08002e23   Thumb Code    10  stm32f10x_gpio.o(.text)
    GPIO_Write                               0x08002e2d   Thumb Code     4  stm32f10x_gpio.o(.text)
    GPIO_PinLockConfig                       0x08002e31   Thumb Code    18  stm32f10x_gpio.o(.text)
    GPIO_EventOutputConfig                   0x08002e43   Thumb Code    26  stm32f10x_gpio.o(.text)
    GPIO_EventOutputCmd                      0x08002e5d   Thumb Code     6  stm32f10x_gpio.o(.text)
    GPIO_PinRemapConfig                      0x08002e63   Thumb Code   138  stm32f10x_gpio.o(.text)
    GPIO_EXTILineConfig                      0x08002eed   Thumb Code    66  stm32f10x_gpio.o(.text)
    GPIO_ETH_MediaInterfaceConfig            0x08002f2f   Thumb Code     8  stm32f10x_gpio.o(.text)
    RCC_DeInit                               0x08002f5d   Thumb Code    64  stm32f10x_rcc.o(.text)
    RCC_HSEConfig                            0x08002f9d   Thumb Code    70  stm32f10x_rcc.o(.text)
    RCC_GetFlagStatus                        0x08002fe3   Thumb Code    56  stm32f10x_rcc.o(.text)
    RCC_WaitForHSEStartUp                    0x0800301b   Thumb Code    56  stm32f10x_rcc.o(.text)
    RCC_AdjustHSICalibrationValue            0x08003053   Thumb Code    20  stm32f10x_rcc.o(.text)
    RCC_HSICmd                               0x08003067   Thumb Code     6  stm32f10x_rcc.o(.text)
    RCC_PLLConfig                            0x0800306d   Thumb Code    24  stm32f10x_rcc.o(.text)
    RCC_PLLCmd                               0x08003085   Thumb Code     6  stm32f10x_rcc.o(.text)
    RCC_SYSCLKConfig                         0x0800308b   Thumb Code    18  stm32f10x_rcc.o(.text)
    RCC_GetSYSCLKSource                      0x0800309d   Thumb Code    10  stm32f10x_rcc.o(.text)
    RCC_HCLKConfig                           0x080030a7   Thumb Code    18  stm32f10x_rcc.o(.text)
    RCC_PCLK1Config                          0x080030b9   Thumb Code    18  stm32f10x_rcc.o(.text)
    RCC_PCLK2Config                          0x080030cb   Thumb Code    20  stm32f10x_rcc.o(.text)
    RCC_ITConfig                             0x080030df   Thumb Code    26  stm32f10x_rcc.o(.text)
    RCC_USBCLKConfig                         0x080030f9   Thumb Code     8  stm32f10x_rcc.o(.text)
    RCC_ADCCLKConfig                         0x08003101   Thumb Code    18  stm32f10x_rcc.o(.text)
    RCC_LSEConfig                            0x08003113   Thumb Code    50  stm32f10x_rcc.o(.text)
    RCC_LSICmd                               0x08003145   Thumb Code     6  stm32f10x_rcc.o(.text)
    RCC_RTCCLKConfig                         0x0800314b   Thumb Code    12  stm32f10x_rcc.o(.text)
    RCC_RTCCLKCmd                            0x08003157   Thumb Code     8  stm32f10x_rcc.o(.text)
    RCC_GetClocksFreq                        0x0800315f   Thumb Code   192  stm32f10x_rcc.o(.text)
    RCC_AHBPeriphClockCmd                    0x0800321f   Thumb Code    26  stm32f10x_rcc.o(.text)
    RCC_APB2PeriphClockCmd                   0x08003239   Thumb Code    26  stm32f10x_rcc.o(.text)
    RCC_APB1PeriphClockCmd                   0x08003253   Thumb Code    26  stm32f10x_rcc.o(.text)
    RCC_APB2PeriphResetCmd                   0x0800326d   Thumb Code    26  stm32f10x_rcc.o(.text)
    RCC_APB1PeriphResetCmd                   0x08003287   Thumb Code    26  stm32f10x_rcc.o(.text)
    RCC_BackupResetCmd                       0x080032a1   Thumb Code     8  stm32f10x_rcc.o(.text)
    RCC_ClockSecuritySystemCmd               0x080032a9   Thumb Code     6  stm32f10x_rcc.o(.text)
    RCC_MCOConfig                            0x080032af   Thumb Code     6  stm32f10x_rcc.o(.text)
    RCC_ClearFlag                            0x080032b5   Thumb Code    14  stm32f10x_rcc.o(.text)
    RCC_GetITStatus                          0x080032c3   Thumb Code    20  stm32f10x_rcc.o(.text)
    RCC_ClearITPendingBit                    0x080032d7   Thumb Code     6  stm32f10x_rcc.o(.text)
    USART_DeInit                             0x08003301   Thumb Code   134  stm32f10x_usart.o(.text)
    USART_Init                               0x08003387   Thumb Code   210  stm32f10x_usart.o(.text)
    USART_StructInit                         0x08003459   Thumb Code    24  stm32f10x_usart.o(.text)
    USART_ClockInit                          0x08003471   Thumb Code    34  stm32f10x_usart.o(.text)
    USART_ClockStructInit                    0x08003493   Thumb Code    12  stm32f10x_usart.o(.text)
    USART_Cmd                                0x0800349f   Thumb Code    24  stm32f10x_usart.o(.text)
    USART_ITConfig                           0x080034b7   Thumb Code    74  stm32f10x_usart.o(.text)
    USART_DMACmd                             0x08003501   Thumb Code    18  stm32f10x_usart.o(.text)
    USART_SetAddress                         0x08003513   Thumb Code    18  stm32f10x_usart.o(.text)
    USART_WakeUpConfig                       0x08003525   Thumb Code    18  stm32f10x_usart.o(.text)
    USART_ReceiverWakeUpCmd                  0x08003537   Thumb Code    24  stm32f10x_usart.o(.text)
    USART_LINBreakDetectLengthConfig         0x0800354f   Thumb Code    18  stm32f10x_usart.o(.text)
    USART_LINCmd                             0x08003561   Thumb Code    24  stm32f10x_usart.o(.text)
    USART_SendData                           0x08003579   Thumb Code     8  stm32f10x_usart.o(.text)
    USART_ReceiveData                        0x08003581   Thumb Code    10  stm32f10x_usart.o(.text)
    USART_SendBreak                          0x0800358b   Thumb Code    10  stm32f10x_usart.o(.text)
    USART_SetGuardTime                       0x08003595   Thumb Code    16  stm32f10x_usart.o(.text)
    USART_SetPrescaler                       0x080035a5   Thumb Code    16  stm32f10x_usart.o(.text)
    USART_SmartCardCmd                       0x080035b5   Thumb Code    24  stm32f10x_usart.o(.text)
    USART_SmartCardNACKCmd                   0x080035cd   Thumb Code    24  stm32f10x_usart.o(.text)
    USART_HalfDuplexCmd                      0x080035e5   Thumb Code    24  stm32f10x_usart.o(.text)
    USART_OverSampling8Cmd                   0x080035fd   Thumb Code    22  stm32f10x_usart.o(.text)
    USART_OneBitMethodCmd                    0x08003613   Thumb Code    24  stm32f10x_usart.o(.text)
    USART_IrDAConfig                         0x0800362b   Thumb Code    18  stm32f10x_usart.o(.text)
    USART_IrDACmd                            0x0800363d   Thumb Code    24  stm32f10x_usart.o(.text)
    USART_GetFlagStatus                      0x08003655   Thumb Code    26  stm32f10x_usart.o(.text)
    USART_ClearFlag                          0x0800366f   Thumb Code    18  stm32f10x_usart.o(.text)
    USART_GetITStatus                        0x08003681   Thumb Code    84  stm32f10x_usart.o(.text)
    USART_ClearITPendingBit                  0x080036d5   Thumb Code    52  stm32f10x_usart.o(.text)
    TIM_DeInit                               0x08003709   Thumb Code   424  stm32f10x_tim.o(.text)
    TIM_TimeBaseInit                         0x080038b1   Thumb Code   122  stm32f10x_tim.o(.text)
    TIM_OC1Init                              0x0800392b   Thumb Code   132  stm32f10x_tim.o(.text)
    TIM_OC2Init                              0x080039af   Thumb Code   154  stm32f10x_tim.o(.text)
    TIM_OC3Init                              0x08003a49   Thumb Code   150  stm32f10x_tim.o(.text)
    TIM_OC4Init                              0x08003adf   Thumb Code   182  stm32f10x_tim.o(.text)
    TIM_SetIC4Prescaler                      0x08003b95   Thumb Code    26  stm32f10x_tim.o(.text)
    TIM_SetIC3Prescaler                      0x08003c31   Thumb Code    18  stm32f10x_tim.o(.text)
    TIM_SetIC2Prescaler                      0x08003cbd   Thumb Code    26  stm32f10x_tim.o(.text)
    TIM_SetIC1Prescaler                      0x08003d59   Thumb Code    18  stm32f10x_tim.o(.text)
    TIM_ICInit                               0x08003dd7   Thumb Code   150  stm32f10x_tim.o(.text)
    TIM_PWMIConfig                           0x08003e6d   Thumb Code   124  stm32f10x_tim.o(.text)
    TIM_BDTRConfig                           0x08003ee9   Thumb Code    32  stm32f10x_tim.o(.text)
    TIM_TimeBaseStructInit                   0x08003f09   Thumb Code    18  stm32f10x_tim.o(.text)
    TIM_OCStructInit                         0x08003f1b   Thumb Code    20  stm32f10x_tim.o(.text)
    TIM_ICStructInit                         0x08003f2f   Thumb Code    18  stm32f10x_tim.o(.text)
    TIM_BDTRStructInit                       0x08003f41   Thumb Code    40  stm32f10x_tim.o(.text)
    TIM_Cmd                                  0x08003f69   Thumb Code    24  stm32f10x_tim.o(.text)
    TIM_CtrlPWMOutputs                       0x08003f81   Thumb Code    30  stm32f10x_tim.o(.text)
    TIM_ITConfig                             0x08003f9f   Thumb Code    18  stm32f10x_tim.o(.text)
    TIM_GenerateEvent                        0x08003fb1   Thumb Code     4  stm32f10x_tim.o(.text)
    TIM_DMAConfig                            0x08003fb5   Thumb Code    10  stm32f10x_tim.o(.text)
    TIM_DMACmd                               0x08003fbf   Thumb Code    18  stm32f10x_tim.o(.text)
    TIM_InternalClockConfig                  0x08003fd1   Thumb Code    12  stm32f10x_tim.o(.text)
    TIM_SelectInputTrigger                   0x08003fdd   Thumb Code    18  stm32f10x_tim.o(.text)
    TIM_ITRxExternalClockConfig              0x08003fef   Thumb Code    24  stm32f10x_tim.o(.text)
    TIM_TIxExternalClockConfig               0x08004007   Thumb Code    62  stm32f10x_tim.o(.text)
    TIM_ETRConfig                            0x08004045   Thumb Code    28  stm32f10x_tim.o(.text)
    TIM_ETRClockMode1Config                  0x08004061   Thumb Code    54  stm32f10x_tim.o(.text)
    TIM_ETRClockMode2Config                  0x08004097   Thumb Code    32  stm32f10x_tim.o(.text)
    TIM_PrescalerConfig                      0x080040b7   Thumb Code     6  stm32f10x_tim.o(.text)
    TIM_CounterModeConfig                    0x080040bd   Thumb Code    18  stm32f10x_tim.o(.text)
    TIM_EncoderInterfaceConfig               0x080040cf   Thumb Code    66  stm32f10x_tim.o(.text)
    TIM_ForcedOC1Config                      0x08004111   Thumb Code    18  stm32f10x_tim.o(.text)
    TIM_ForcedOC2Config                      0x08004123   Thumb Code    26  stm32f10x_tim.o(.text)
    TIM_ForcedOC3Config                      0x0800413d   Thumb Code    18  stm32f10x_tim.o(.text)
    TIM_ForcedOC4Config                      0x0800414f   Thumb Code    26  stm32f10x_tim.o(.text)
    TIM_ARRPreloadConfig                     0x08004169   Thumb Code    24  stm32f10x_tim.o(.text)
    TIM_SelectCOM                            0x08004181   Thumb Code    24  stm32f10x_tim.o(.text)
    TIM_SelectCCDMA                          0x08004199   Thumb Code    24  stm32f10x_tim.o(.text)
    TIM_CCPreloadControl                     0x080041b1   Thumb Code    24  stm32f10x_tim.o(.text)
    TIM_OC1PreloadConfig                     0x080041c9   Thumb Code    18  stm32f10x_tim.o(.text)
    TIM_OC2PreloadConfig                     0x080041db   Thumb Code    26  stm32f10x_tim.o(.text)
    TIM_OC3PreloadConfig                     0x080041f5   Thumb Code    18  stm32f10x_tim.o(.text)
    TIM_OC4PreloadConfig                     0x08004207   Thumb Code    26  stm32f10x_tim.o(.text)
    TIM_OC1FastConfig                        0x08004221   Thumb Code    18  stm32f10x_tim.o(.text)
    TIM_OC2FastConfig                        0x08004233   Thumb Code    26  stm32f10x_tim.o(.text)
    TIM_OC3FastConfig                        0x0800424d   Thumb Code    18  stm32f10x_tim.o(.text)
    TIM_OC4FastConfig                        0x0800425f   Thumb Code    26  stm32f10x_tim.o(.text)
    TIM_ClearOC1Ref                          0x08004279   Thumb Code    18  stm32f10x_tim.o(.text)
    TIM_ClearOC2Ref                          0x0800428b   Thumb Code    24  stm32f10x_tim.o(.text)
    TIM_ClearOC3Ref                          0x080042a3   Thumb Code    18  stm32f10x_tim.o(.text)
    TIM_ClearOC4Ref                          0x080042b5   Thumb Code    24  stm32f10x_tim.o(.text)
    TIM_OC1PolarityConfig                    0x080042cd   Thumb Code    18  stm32f10x_tim.o(.text)
    TIM_OC1NPolarityConfig                   0x080042df   Thumb Code    18  stm32f10x_tim.o(.text)
    TIM_OC2PolarityConfig                    0x080042f1   Thumb Code    26  stm32f10x_tim.o(.text)
    TIM_OC2NPolarityConfig                   0x0800430b   Thumb Code    26  stm32f10x_tim.o(.text)
    TIM_OC3PolarityConfig                    0x08004325   Thumb Code    26  stm32f10x_tim.o(.text)
    TIM_OC3NPolarityConfig                   0x0800433f   Thumb Code    26  stm32f10x_tim.o(.text)
    TIM_OC4PolarityConfig                    0x08004359   Thumb Code    26  stm32f10x_tim.o(.text)
    TIM_CCxCmd                               0x08004373   Thumb Code    30  stm32f10x_tim.o(.text)
    TIM_CCxNCmd                              0x08004391   Thumb Code    30  stm32f10x_tim.o(.text)
    TIM_SelectOCxM                           0x080043af   Thumb Code    82  stm32f10x_tim.o(.text)
    TIM_UpdateDisableConfig                  0x08004401   Thumb Code    24  stm32f10x_tim.o(.text)
    TIM_UpdateRequestConfig                  0x08004419   Thumb Code    24  stm32f10x_tim.o(.text)
    TIM_SelectHallSensor                     0x08004431   Thumb Code    24  stm32f10x_tim.o(.text)
    TIM_SelectOnePulseMode                   0x08004449   Thumb Code    18  stm32f10x_tim.o(.text)
    TIM_SelectOutputTrigger                  0x0800445b   Thumb Code    18  stm32f10x_tim.o(.text)
    TIM_SelectSlaveMode                      0x0800446d   Thumb Code    18  stm32f10x_tim.o(.text)
    TIM_SelectMasterSlaveMode                0x0800447f   Thumb Code    18  stm32f10x_tim.o(.text)
    TIM_SetCounter                           0x08004491   Thumb Code     4  stm32f10x_tim.o(.text)
    TIM_SetAutoreload                        0x08004495   Thumb Code     4  stm32f10x_tim.o(.text)
    TIM_SetCompare1                          0x08004499   Thumb Code     4  stm32f10x_tim.o(.text)
    TIM_SetCompare2                          0x0800449d   Thumb Code     4  stm32f10x_tim.o(.text)
    TIM_SetCompare3                          0x080044a1   Thumb Code     4  stm32f10x_tim.o(.text)
    TIM_SetCompare4                          0x080044a5   Thumb Code     6  stm32f10x_tim.o(.text)
    TIM_SetClockDivision                     0x080044ab   Thumb Code    18  stm32f10x_tim.o(.text)
    TIM_GetCapture1                          0x080044bd   Thumb Code     6  stm32f10x_tim.o(.text)
    TIM_GetCapture2                          0x080044c3   Thumb Code     6  stm32f10x_tim.o(.text)
    TIM_GetCapture3                          0x080044c9   Thumb Code     6  stm32f10x_tim.o(.text)
    TIM_GetCapture4                          0x080044cf   Thumb Code     8  stm32f10x_tim.o(.text)
    TIM_GetCounter                           0x080044d7   Thumb Code     6  stm32f10x_tim.o(.text)
    TIM_GetPrescaler                         0x080044dd   Thumb Code     6  stm32f10x_tim.o(.text)
    TIM_GetFlagStatus                        0x080044e3   Thumb Code    18  stm32f10x_tim.o(.text)
    TIM_ClearFlag                            0x080044f5   Thumb Code     6  stm32f10x_tim.o(.text)
    TIM_GetITStatus                          0x080044fb   Thumb Code    34  stm32f10x_tim.o(.text)
    TIM_ClearITPendingBit                    0x0800451d   Thumb Code     6  stm32f10x_tim.o(.text)
    EXTI_DeInit                              0x08004525   Thumb Code    28  stm32f10x_exti.o(.text)
    EXTI_Init                                0x08004541   Thumb Code   142  stm32f10x_exti.o(.text)
    EXTI_StructInit                          0x080045cf   Thumb Code    16  stm32f10x_exti.o(.text)
    EXTI_GenerateSWInterrupt                 0x080045df   Thumb Code    16  stm32f10x_exti.o(.text)
    EXTI_GetFlagStatus                       0x080045ef   Thumb Code    22  stm32f10x_exti.o(.text)
    EXTI_ClearFlag                           0x08004605   Thumb Code     8  stm32f10x_exti.o(.text)
    EXTI_GetITStatus                         0x0800460d   Thumb Code    34  stm32f10x_exti.o(.text)
    EXTI_ClearITPendingBit                   0x0800462f   Thumb Code     8  stm32f10x_exti.o(.text)
    PWR_DeInit                               0x08004641   Thumb Code    22  stm32f10x_pwr.o(.text)
    PWR_BackupAccessCmd                      0x08004657   Thumb Code     6  stm32f10x_pwr.o(.text)
    PWR_PVDCmd                               0x0800465d   Thumb Code     6  stm32f10x_pwr.o(.text)
    PWR_PVDLevelConfig                       0x08004663   Thumb Code    18  stm32f10x_pwr.o(.text)
    PWR_WakeUpPinCmd                         0x08004675   Thumb Code     8  stm32f10x_pwr.o(.text)
    PWR_EnterSTOPMode                        0x0800467d   Thumb Code    54  stm32f10x_pwr.o(.text)
    PWR_EnterSTANDBYMode                     0x080046b3   Thumb Code    42  stm32f10x_pwr.o(.text)
    PWR_GetFlagStatus                        0x080046dd   Thumb Code    20  stm32f10x_pwr.o(.text)
    PWR_ClearFlag                            0x080046f1   Thumb Code    14  stm32f10x_pwr.o(.text)
    strstr                                   0x0800470d   Thumb Code    36  strstr.o(.text)
    strlen                                   0x08004731   Thumb Code    14  strlen.o(.text)
    __aeabi_fadd                             0x0800473f   Thumb Code   164  fadd.o(.text)
    __aeabi_fsub                             0x080047e3   Thumb Code     6  fadd.o(.text)
    __aeabi_frsub                            0x080047e9   Thumb Code     6  fadd.o(.text)
    __aeabi_fmul                             0x080047ef   Thumb Code   100  fmul.o(.text)
    __aeabi_fdiv                             0x08004853   Thumb Code   124  fdiv.o(.text)
    __aeabi_f2uiz                            0x080048cf   Thumb Code    40  ffixui.o(.text)
    __aeabi_uidiv                            0x080048f7   Thumb Code     0  uidiv.o(.text)
    __aeabi_uidivmod                         0x080048f7   Thumb Code    44  uidiv.o(.text)
    __aeabi_uldivmod                         0x08004923   Thumb Code    98  uldiv.o(.text)
    __I$use$fp                               0x08004985   Thumb Code     0  iusefp.o(.text)
    _float_round                             0x08004985   Thumb Code    18  fepilogue.o(.text)
    _float_epilogue                          0x08004997   Thumb Code    92  fepilogue.o(.text)
    __aeabi_dadd                             0x080049f3   Thumb Code   322  dadd.o(.text)
    __aeabi_dsub                             0x08004b35   Thumb Code     6  dadd.o(.text)
    __aeabi_drsub                            0x08004b3b   Thumb Code     6  dadd.o(.text)
    __aeabi_dmul                             0x08004b41   Thumb Code   228  dmul.o(.text)
    __aeabi_ddiv                             0x08004c25   Thumb Code   222  ddiv.o(.text)
    __aeabi_d2ulz                            0x08004d03   Thumb Code    48  dfixul.o(.text)
    __aeabi_cdrcmple                         0x08004d35   Thumb Code    48  cdrcmple.o(.text)
    __scatterload                            0x08004d65   Thumb Code    28  init.o(.text)
    __scatterload_rt2                        0x08004d65   Thumb Code     0  init.o(.text)
    __aeabi_llsl                             0x08004d89   Thumb Code    30  llshl.o(.text)
    _ll_shift_l                              0x08004d89   Thumb Code     0  llshl.o(.text)
    __aeabi_llsr                             0x08004da7   Thumb Code    32  llushr.o(.text)
    _ll_ushift_r                             0x08004da7   Thumb Code     0  llushr.o(.text)
    __aeabi_lasr                             0x08004dc7   Thumb Code    36  llsshr.o(.text)
    _ll_sshift_r                             0x08004dc7   Thumb Code     0  llsshr.o(.text)
    _double_round                            0x08004deb   Thumb Code    30  depilogue.o(.text)
    _double_epilogue                         0x08004e09   Thumb Code   156  depilogue.o(.text)
    __decompress                             0x08004ea5   Thumb Code     0  __dczerorl2.o(.text)
    __decompress1                            0x08004ea5   Thumb Code    86  __dczerorl2.o(.text)
    __0printf$5                              0x08004efd   Thumb Code    22  printf5.o(i.__0printf$5)
    __1printf$5                              0x08004efd   Thumb Code     0  printf5.o(i.__0printf$5)
    __2printf                                0x08004efd   Thumb Code     0  printf5.o(i.__0printf$5)
    __0sprintf$5                             0x08004f1d   Thumb Code    34  printf5.o(i.__0sprintf$5)
    __1sprintf$5                             0x08004f1d   Thumb Code     0  printf5.o(i.__0sprintf$5)
    __2sprintf                               0x08004f1d   Thumb Code     0  printf5.o(i.__0sprintf$5)
    __0vsprintf                              0x08004f45   Thumb Code    30  printfa.o(i.__0vsprintf)
    __1vsprintf                              0x08004f45   Thumb Code     0  printfa.o(i.__0vsprintf)
    __2vsprintf                              0x08004f45   Thumb Code     0  printfa.o(i.__0vsprintf)
    __c89vsprintf                            0x08004f45   Thumb Code     0  printfa.o(i.__0vsprintf)
    vsprintf                                 0x08004f45   Thumb Code     0  printfa.o(i.__0vsprintf)
    __scatterload_copy                       0x08004f69   Thumb Code    14  handlers.o(i.__scatterload_copy)
    __scatterload_null                       0x08004f77   Thumb Code     2  handlers.o(i.__scatterload_null)
    __scatterload_zeroinit                   0x08004f79   Thumb Code    14  handlers.o(i.__scatterload_zeroinit)
    F6x8                                     0x08005b0e   Data         552  oled.o(.constdata)
    F8X16                                    0x08005d36   Data        1520  oled.o(.constdata)
    CN16_Msk                                 0x08006326   Data        3434  oled.o(.constdata)
    Region$$Table$$Base                      0x08007090   Number         0  anon$$obj.o(Region$$Table)
    Region$$Table$$Limit                     0x080070b0   Number         0  anon$$obj.o(Region$$Table)
    gImage_Finger1                           0x20000000   Data         512  main.o(.data)
    gImage_Finger2                           0x20000200   Data         512  main.o(.data)
    gImage_Finger3                           0x20000400   Data         512  main.o(.data)
    sl                                       0x20000600   Data         816  main.o(.data)
    klt                                      0x20000930   Data         512  main.o(.data)
    klt1                                     0x20000b30   Data         128  main.o(.data)
    err                                      0x20000bb0   Data           4  main.o(.data)
    ValidN1                                  0x20000bb4   Data           4  main.o(.data)
    flag                                     0x20000bb8   Data           1  main.o(.data)
    ID                                       0x20000bb9   Data           1  main.o(.data)
    key_get                                  0x20000bba   Data           1  main.o(.data)
    stat_flag                                0x20000bbb   Data           1  main.o(.data)
    press_count                              0x20000bbc   Data           1  main.o(.data)
    door_flag                                0x20000bbd   Data           1  main.o(.data)
    time2                                    0x20000bbe   Data           1  main.o(.data)
    time10                                   0x20000bbf   Data           1  main.o(.data)
    last                                     0x20000bc0   Data           1  main.o(.data)
    mode                                     0x20000bc1   Data           1  main.o(.data)
    open                                     0x20000bc2   Data           1  main.o(.data)
    rx_xcpai                                 0x20000bc3   Data           1  main.o(.data)
    SystemCoreClock                          0x20000bc4   Data           4  system_stm32f10x.o(.data)
    AHBPrescTable                            0x20000bc8   Data          16  system_stm32f10x.o(.data)
    AS608Addr                                0x20000bd8   Data           4  as608.o(.data)
    str2                                     0x20000bdc   Data           6  as608.o(.data)
    ensure_num                               0x20000be2   Data           1  as608.o(.data)
    j                                        0x20000be3   Data           1  zw_user.o(.data)
    Hzk                                      0x20000be4   Data          64  oled.o(.data)
    __stdout                                 0x20000c28   Data           4  usart.o(.data)
    USART_RX_STA                             0x20000c2c   Data           1  usart.o(.data)
    res                                      0x20000c2d   Data           1  usart.o(.data)
    key_num                                  0x20000c30   Data           1  timer_1.o(.data)
    count                                    0x20000c32   Data           2  timer_1.o(.data)
    wx_flag                                  0x20000c34   Data           1  timer_1.o(.data)
    show                                     0x20000c35   Data           1  timer_1.o(.data)
    time3                                    0x20000c38   Data           4  timer_1.o(.data)
    time_io                                  0x20000c3c   Data           4  timer_1.o(.data)
    time3off                                 0x20000c40   Data           1  timer_1.o(.data)
    xcpai_num                                0x20000c41   Data           1  timer_1.o(.data)
    USART3_RX_STA                            0x20000c42   Data           2  usart3.o(.data)
    g_time2                                  0x20000c58   Data          16  delay.o(.bss)
    USART3_RX_BUF                            0x20000c68   Data         400  usart3.o(.bss)
    USART3_TX_BUF                            0x20000df8   Data         400  usart3.o(.bss)
    __initial_sp                             0x20001388   Data           0  startup_stm32f10x_md.o(STACK)



==============================================================================

Memory Map of the image

  Image Entry point : 0x080000ed

  Load Region LR_IROM1 (Base: 0x08000000, Size: 0x00007d08, Max: 0x00010000, ABSOLUTE, COMPRESSED[0x00007760])

    Execution Region ER_IROM1 (Base: 0x08000000, Size: 0x000070b0, Max: 0x00010000, ABSOLUTE)

    Base Addr    Size         Type   Attr      Idx    E Section Name        Object

    0x08000000   0x000000ec   Data   RO          498    RESET               startup_stm32f10x_md.o
    0x080000ec   0x00000000   Code   RO          625  * .ARM.Collect$$$$00000000  mc_w.l(entry.o)
    0x080000ec   0x00000004   Code   RO          901    .ARM.Collect$$$$00000001  mc_w.l(entry2.o)
    0x080000f0   0x00000004   Code   RO          904    .ARM.Collect$$$$00000004  mc_w.l(entry5.o)
    0x080000f4   0x00000000   Code   RO          906    .ARM.Collect$$$$00000008  mc_w.l(entry7b.o)
    0x080000f4   0x00000000   Code   RO          908    .ARM.Collect$$$$0000000A  mc_w.l(entry8b.o)
    0x080000f4   0x00000008   Code   RO          909    .ARM.Collect$$$$0000000B  mc_w.l(entry9a.o)
    0x080000fc   0x00000000   Code   RO          911    .ARM.Collect$$$$0000000D  mc_w.l(entry10a.o)
    0x080000fc   0x00000000   Code   RO          913    .ARM.Collect$$$$0000000F  mc_w.l(entry11a.o)
    0x080000fc   0x00000004   Code   RO          902    .ARM.Collect$$$$00002712  mc_w.l(entry2.o)
    0x08000100   0x0000001a   Code   RO            1    .text               stm32f10x_it.o
    0x0800011a   0x00000002   PAD
    0x0800011c   0x00000568   Code   RO          104    .text               main.o
    0x08000684   0x000001e0   Code   RO          203    .text               system_stm32f10x.o
    0x08000864   0x00000064   Code   RO          221    .text               led.o
    0x080008c8   0x000000c8   Code   RO          233    .text               key.o
    0x08000990   0x00000ab8   Code   RO          248    .text               as608.o
    0x08001448   0x000000b4   Code   RO          274    .text               wkup.o
    0x080014fc   0x00000884   Code   RO          293    .text               zw_user.o
    0x08001d80   0x000006bc   Code   RO          314    .text               oled.o
    0x0800243c   0x0000007c   Code   RO          333    .text               count.o
    0x080024b8   0x000000a4   Code   RO          345    .text               pwm.o
    0x0800255c   0x00000044   Code   RO          357    .text               servo.o
    0x080025a0   0x000000e4   Code   RO          372    .text               delay.o
    0x08002684   0x000000e8   Code   RO          405    .text               usart.o
    0x0800276c   0x00000220   Code   RO          440    .text               timer_1.o
    0x0800298c   0x0000017c   Code   RO          460    .text               usart3.o
    0x08002b08   0x0000001c   Code   RO          499    .text               startup_stm32f10x_md.o
    0x08002b24   0x000000dc   Code   RO          503    .text               misc.o
    0x08002c00   0x0000035c   Code   RO          527    .text               stm32f10x_gpio.o
    0x08002f5c   0x000003a4   Code   RO          539    .text               stm32f10x_rcc.o
    0x08003300   0x00000408   Code   RO          553    .text               stm32f10x_usart.o
    0x08003708   0x00000e1a   Code   RO          577    .text               stm32f10x_tim.o
    0x08004522   0x00000002   PAD
    0x08004524   0x0000011c   Code   RO          601    .text               stm32f10x_exti.o
    0x08004640   0x000000cc   Code   RO          613    .text               stm32f10x_pwr.o
    0x0800470c   0x00000024   Code   RO          628    .text               mc_w.l(strstr.o)
    0x08004730   0x0000000e   Code   RO          630    .text               mc_w.l(strlen.o)
    0x0800473e   0x000000b0   Code   RO          893    .text               mf_w.l(fadd.o)
    0x080047ee   0x00000064   Code   RO          895    .text               mf_w.l(fmul.o)
    0x08004852   0x0000007c   Code   RO          897    .text               mf_w.l(fdiv.o)
    0x080048ce   0x00000028   Code   RO          899    .text               mf_w.l(ffixui.o)
    0x080048f6   0x0000002c   Code   RO          915    .text               mc_w.l(uidiv.o)
    0x08004922   0x00000062   Code   RO          917    .text               mc_w.l(uldiv.o)
    0x08004984   0x00000000   Code   RO          919    .text               mc_w.l(iusefp.o)
    0x08004984   0x0000006e   Code   RO          920    .text               mf_w.l(fepilogue.o)
    0x080049f2   0x0000014e   Code   RO          922    .text               mf_w.l(dadd.o)
    0x08004b40   0x000000e4   Code   RO          924    .text               mf_w.l(dmul.o)
    0x08004c24   0x000000de   Code   RO          926    .text               mf_w.l(ddiv.o)
    0x08004d02   0x00000030   Code   RO          928    .text               mf_w.l(dfixul.o)
    0x08004d32   0x00000002   PAD
    0x08004d34   0x00000030   Code   RO          930    .text               mf_w.l(cdrcmple.o)
    0x08004d64   0x00000024   Code   RO          932    .text               mc_w.l(init.o)
    0x08004d88   0x0000001e   Code   RO          934    .text               mc_w.l(llshl.o)
    0x08004da6   0x00000020   Code   RO          936    .text               mc_w.l(llushr.o)
    0x08004dc6   0x00000024   Code   RO          938    .text               mc_w.l(llsshr.o)
    0x08004dea   0x000000ba   Code   RO          940    .text               mf_w.l(depilogue.o)
    0x08004ea4   0x00000056   Code   RO          950    .text               mc_w.l(__dczerorl2.o)
    0x08004efa   0x00000002   PAD
    0x08004efc   0x00000020   Code   RO          765    i.__0printf$5       mc_w.l(printf5.o)
    0x08004f1c   0x00000028   Code   RO          767    i.__0sprintf$5      mc_w.l(printf5.o)
    0x08004f44   0x00000024   Code   RO          871    i.__0vsprintf       mc_w.l(printfa.o)
    0x08004f68   0x0000000e   Code   RO          944    i.__scatterload_copy  mc_w.l(handlers.o)
    0x08004f76   0x00000002   Code   RO          945    i.__scatterload_null  mc_w.l(handlers.o)
    0x08004f78   0x0000000e   Code   RO          946    i.__scatterload_zeroinit  mc_w.l(handlers.o)
    0x08004f86   0x00000002   PAD
    0x08004f88   0x00000184   Code   RO          872    i._fp_digits        mc_w.l(printfa.o)
    0x0800510c   0x000002c0   Code   RO          772    i._printf_core      mc_w.l(printf5.o)
    0x080053cc   0x000006dc   Code   RO          873    i._printf_core      mc_w.l(printfa.o)
    0x08005aa8   0x00000024   Code   RO          874    i._printf_post_padding  mc_w.l(printfa.o)
    0x08005acc   0x0000002e   Code   RO          875    i._printf_pre_padding  mc_w.l(printfa.o)
    0x08005afa   0x0000000a   Code   RO          774    i._sputc            mc_w.l(printf5.o)
    0x08005b04   0x0000000a   Code   RO          877    i._sputc            mc_w.l(printfa.o)
    0x08005b0e   0x00001582   Data   RO          315    .constdata          oled.o
    0x08007090   0x00000020   Data   RO          942    Region$$Table       anon$$obj.o


    Execution Region RW_IRAM1 (Base: 0x20000000, Size: 0x00001388, Max: 0x00005000, ABSOLUTE, COMPRESSED[0x000006b0])

    Base Addr    Size         Type   Attr      Idx    E Section Name        Object

    0x20000000   0x00000bc4   Data   RW          105    .data               main.o
    0x20000bc4   0x00000014   Data   RW          204    .data               system_stm32f10x.o
    0x20000bd8   0x0000000b   Data   RW          249    .data               as608.o
    0x20000be3   0x00000001   Data   RW          295    .data               zw_user.o
    0x20000be4   0x00000040   Data   RW          316    .data               oled.o
    0x20000c24   0x00000004   Data   RW          374    .data               delay.o
    0x20000c28   0x00000006   Data   RW          407    .data               usart.o
    0x20000c2e   0x00000002   PAD
    0x20000c30   0x00000012   Data   RW          441    .data               timer_1.o
    0x20000c42   0x00000002   Data   RW          462    .data               usart3.o
    0x20000c44   0x00000014   Data   RW          540    .data               stm32f10x_rcc.o
    0x20000c58   0x00000010   Zero   RW          373    .bss                delay.o
    0x20000c68   0x00000320   Zero   RW          461    .bss                usart3.o
    0x20000f88   0x00000400   Zero   RW          496    STACK               startup_stm32f10x_md.o


==============================================================================

Image component sizes


      Code (inc. data)   RO Data    RW Data    ZI Data      Debug   Object Name

      2744        688          0         11          0       8766   as608.o
       124          6          0          0          0        663   count.o
       228         20          0          4         16       1311   delay.o
       200          4          0          0          0        733   key.o
       100          4          0          0          0        672   led.o
      1384        274          0       3012          0     209816   main.o
       220         22          0          0          0       1857   misc.o
      1724         24       5506         64          0       7583   oled.o
       164         10          0          0          0        827   pwm.o
        68         12          0          0          0        648   servo.o
        28          4        236          0       1024        796   startup_stm32f10x_md.o
       284         10          0          0          0       2311   stm32f10x_exti.o
       860         38          0          0          0       5789   stm32f10x_gpio.o
        26          0          0          0          0      49334   stm32f10x_it.o
       204         14          0          0          0       1983   stm32f10x_pwr.o
       932         36          0         20          0       8996   stm32f10x_rcc.o
      3610         88          0          0          0      22896   stm32f10x_tim.o
      1032         22          0          0          0       8516   stm32f10x_usart.o
         0          0          0          0          0         32   sys.o
       480         38          0         20          0       1827   system_stm32f10x.o
       544         72          0         18          0       1916   timer_1.o
       232         12          0          6          0       3246   usart.o
       380         20          0          2        800       2642   usart3.o
       180          8          0          0          0       1019   wkup.o
      2180        662          0          1          0       3175   zw_user.o

    ----------------------------------------------------------------------
     17932       2088       5774       3160       1840     347354   Object Totals
         0          0         32          0          0          0   (incl. Generated)
         4          0          0          2          0          0   (incl. Padding)

    ----------------------------------------------------------------------

      Code (inc. data)   RO Data    RW Data    ZI Data      Debug   Library Member Name

        86          0          0          0          0          0   __dczerorl2.o
         0          0          0          0          0          0   entry.o
         0          0          0          0          0          0   entry10a.o
         0          0          0          0          0          0   entry11a.o
         8          4          0          0          0          0   entry2.o
         4          0          0          0          0          0   entry5.o
         0          0          0          0          0          0   entry7b.o
         0          0          0          0          0          0   entry8b.o
         8          4          0          0          0          0   entry9a.o
        30          0          0          0          0          0   handlers.o
        36          8          0          0          0         68   init.o
         0          0          0          0          0          0   iusefp.o
        30          0          0          0          0         68   llshl.o
        36          0          0          0          0         68   llsshr.o
        32          0          0          0          0         68   llushr.o
       786         62          0          0          0        336   printf5.o
      2272         86          0          0          0        516   printfa.o
        14          0          0          0          0         68   strlen.o
        36          0          0          0          0         80   strstr.o
        44          0          0          0          0         80   uidiv.o
        98          0          0          0          0         92   uldiv.o
        48          0          0          0          0         68   cdrcmple.o
       334          0          0          0          0        148   dadd.o
       222          0          0          0          0        100   ddiv.o
       186          0          0          0          0        176   depilogue.o
        48          0          0          0          0         68   dfixul.o
       228          0          0          0          0         96   dmul.o
       176          0          0          0          0        140   fadd.o
       124          0          0          0          0         88   fdiv.o
       110          0          0          0          0        168   fepilogue.o
        40          0          0          0          0         68   ffixui.o
       100          0          0          0          0         76   fmul.o

    ----------------------------------------------------------------------
      5142        164          0          0          0       2640   Library Totals
         6          0          0          0          0          0   (incl. Padding)

    ----------------------------------------------------------------------

      Code (inc. data)   RO Data    RW Data    ZI Data      Debug   Library Name

      3520        164          0          0          0       1444   mc_w.l
      1616          0          0          0          0       1196   mf_w.l

    ----------------------------------------------------------------------
      5142        164          0          0          0       2640   Library Totals

    ----------------------------------------------------------------------

==============================================================================


      Code (inc. data)   RO Data    RW Data    ZI Data      Debug   

     23074       2252       5774       3160       1840     346898   Grand Totals
     23074       2252       5774       1712       1840     346898   ELF Image Totals (compressed)
     23074       2252       5774       1712          0          0   ROM Totals

==============================================================================

    Total RO  Size (Code + RO Data)                28848 (  28.17kB)
    Total RW  Size (RW Data + ZI Data)              5000 (   4.88kB)
    Total ROM Size (Code + RO Data + RW Data)      30560 (  29.84kB)

==============================================================================

